Archive member included because of file (symbol)

c:/ciaa/cygwin/usr/arm-none-eabi/bin/../lib/gcc/arm-none-eabi/4.9.3/armv7e-m/fpu\libgcc.a(_aeabi_uldivmod.o)
                              out/libs/lpc_chip_43xx/src/i2s_18xx_43xx.o (__aeabi_uldivmod)
c:/ciaa/cygwin/usr/arm-none-eabi/bin/../lib/gcc/arm-none-eabi/4.9.3/armv7e-m/fpu\libgcc.a(bpabi.o)
                              c:/ciaa/cygwin/usr/arm-none-eabi/bin/../lib/gcc/arm-none-eabi/4.9.3/armv7e-m/fpu\libgcc.a(_aeabi_uldivmod.o) (__gnu_uldivmod_helper)
c:/ciaa/cygwin/usr/arm-none-eabi/bin/../lib/gcc/arm-none-eabi/4.9.3/armv7e-m/fpu\libgcc.a(_dvmd_tls.o)
                              c:/ciaa/cygwin/usr/arm-none-eabi/bin/../lib/gcc/arm-none-eabi/4.9.3/armv7e-m/fpu\libgcc.a(_aeabi_uldivmod.o) (__aeabi_ldiv0)
c:/ciaa/cygwin/usr/arm-none-eabi/bin/../lib/gcc/arm-none-eabi/4.9.3/armv7e-m/fpu\libgcc.a(_divdi3.o)
                              c:/ciaa/cygwin/usr/arm-none-eabi/bin/../lib/gcc/arm-none-eabi/4.9.3/armv7e-m/fpu\libgcc.a(bpabi.o) (__divdi3)
c:/ciaa/cygwin/usr/arm-none-eabi/bin/../lib/gcc/arm-none-eabi/4.9.3/armv7e-m/fpu\libgcc.a(_udivdi3.o)
                              c:/ciaa/cygwin/usr/arm-none-eabi/bin/../lib/gcc/arm-none-eabi/4.9.3/armv7e-m/fpu\libgcc.a(bpabi.o) (__udivdi3)
c:/ciaa/cygwin/usr/arm-none-eabi/bin/../lib/gcc/arm-none-eabi/4.9.3/../../../../arm-none-eabi/lib/armv7e-m/fpu\libc_nano.a(lib_a-memcpy.o)
                              out/libs/lpc_chip_43xx/src/ring_buffer.o (memcpy)
c:/ciaa/cygwin/usr/arm-none-eabi/bin/../lib/gcc/arm-none-eabi/4.9.3/../../../../arm-none-eabi/lib/armv7e-m/fpu\libc_nano.a(lib_a-memset.o)
                              out/libs/lpc_chip_43xx/src/clock_18xx_43xx.o (memset)
c:/ciaa/cygwin/usr/arm-none-eabi/bin/../lib/gcc/arm-none-eabi/4.9.3/../../../../arm-none-eabi/lib/armv7e-m/fpu\libc_nano.a(lib_a-strlen.o)
                              out/app/src/obtenerRegistro.o (strlen)

Allocating common symbols
Common symbol       size              file

SystemCoreClock     0x4               out/libs/lpc_chip_43xx/src/chip_18xx_43xx.o
tickCounter         0x8               out/libs/sapi/src/sapi_tick.o
tickRateMS          0x8               out/libs/sapi/src/sapi_tick.o

Discarded input sections

 .group         0x00000000        0x8 out/app/src/string.o
 .text          0x00000000        0x0 out/app/src/string.o
 .data          0x00000000        0x0 out/app/src/string.o
 .bss           0x00000000        0x0 out/app/src/string.o
 .text.strcat   0x00000000       0x1e out/app/src/string.o
 .debug_info    0x00000000       0x90 out/app/src/string.o
 .debug_abbrev  0x00000000       0x8a out/app/src/string.o
 .debug_loc     0x00000000       0x57 out/app/src/string.o
 .debug_aranges
                0x00000000       0x20 out/app/src/string.o
 .debug_ranges  0x00000000       0x10 out/app/src/string.o
 .debug_macro   0x00000000       0x15 out/app/src/string.o
 .debug_macro   0x00000000      0x8b6 out/app/src/string.o
 .debug_line    0x00000000       0x72 out/app/src/string.o
 .debug_str     0x00000000     0x2573 out/app/src/string.o
 .comment       0x00000000       0x80 out/app/src/string.o
 .debug_frame   0x00000000       0x20 out/app/src/string.o
 .ARM.attributes
                0x00000000       0x39 out/app/src/string.o
 .group         0x00000000        0x8 out/app/src/stateMachine.o
 .group         0x00000000        0x8 out/app/src/stateMachine.o
 .group         0x00000000        0x8 out/app/src/stateMachine.o
 .group         0x00000000        0x8 out/app/src/stateMachine.o
 .group         0x00000000        0x8 out/app/src/stateMachine.o
 .group         0x00000000        0x8 out/app/src/stateMachine.o
 .group         0x00000000        0x8 out/app/src/stateMachine.o
 .group         0x00000000        0x8 out/app/src/stateMachine.o
 .group         0x00000000        0x8 out/app/src/stateMachine.o
 .group         0x00000000        0x8 out/app/src/stateMachine.o
 .group         0x00000000        0x8 out/app/src/stateMachine.o
 .group         0x00000000        0x8 out/app/src/stateMachine.o
 .group         0x00000000        0x8 out/app/src/stateMachine.o
 .group         0x00000000        0x8 out/app/src/stateMachine.o
 .group         0x00000000        0x8 out/app/src/stateMachine.o
 .group         0x00000000        0x8 out/app/src/stateMachine.o
 .group         0x00000000        0x8 out/app/src/stateMachine.o
 .group         0x00000000        0x8 out/app/src/stateMachine.o
 .group         0x00000000        0x8 out/app/src/stateMachine.o
 .group         0x00000000        0x8 out/app/src/stateMachine.o
 .group         0x00000000        0x8 out/app/src/stateMachine.o
 .group         0x00000000        0x8 out/app/src/stateMachine.o
 .group         0x00000000        0x8 out/app/src/stateMachine.o
 .group         0x00000000        0x8 out/app/src/stateMachine.o
 .group         0x00000000        0x8 out/app/src/stateMachine.o
 .group         0x00000000        0x8 out/app/src/stateMachine.o
[...]
Memory Configuration

Name             Origin             Length             Attributes
MFlashA512       0x1a000000         0x00080000         xr
MFlashB512       0x1b000000         0x00080000         xr
RamLoc32         0x10000000         0x00008000         xrw
RamLoc40         0x10080000         0x0000a000         xrw
RamAHB32         0x20000000         0x00008000         xrw
RamAHB16         0x20008000         0x00004000         xrw
RamAHB_ETB16     0x2000c000         0x00004000         xrw
*default*        0x00000000         0xffffffff

Linker script and memory map

LOAD out/app/src/string.o
LOAD out/app/src/stateMachine.o
LOAD out/app/src/usbSend.o
LOAD out/app/src/obtenerDatos.o
LOAD out/app/src/itoa.o
LOAD out/app/src/sdCard.o
LOAD out/app/src/obtenerRegistro.o
LOAD out/app/src/programa.o
LOAD out/app/src/checkState.o
LOAD out/libs/lpc_chip_43xx/src/i2s_18xx_43xx.o
LOAD out/libs/lpc_chip_43xx/src/ssp_18xx_43xx.o
LOAD out/libs/lpc_chip_43xx/src/enet_18xx_43xx.o
LOAD out/libs/lpc_chip_43xx/src/sct_pwm_18xx_43xx.o
LOAD out/libs/lpc_chip_43xx/src/evrt_18xx_43xx.o
LOAD out/libs/lpc_chip_43xx/src/gpdma_18xx_43xx.o
LOAD out/libs/lpc_chip_43xx/src/i2c_18xx_43xx.o
LOAD out/libs/lpc_chip_43xx/src/gpio_18xx_43xx.o
LOAD out/libs/lpc_chip_43xx/src/spi_18xx_43xx.o
LOAD out/libs/lpc_chip_43xx/src/otp_18xx_43xx.o
LOAD out/libs/lpc_chip_43xx/src/ritimer_18xx_43xx.o
LOAD out/libs/lpc_chip_43xx/src/sdmmc_18xx_43xx.o
LOAD out/libs/lpc_chip_43xx/src/emc_18xx_43xx.o
LOAD out/libs/lpc_chip_43xx/src/sct_18xx_43xx.o
LOAD out/libs/lpc_chip_43xx/src/rtc_18xx_43xx.o
LOAD out/libs/lpc_chip_43xx/src/eeprom_18xx_43xx.o
LOAD out/libs/lpc_chip_43xx/src/fpu_init.o
LOAD out/libs/lpc_chip_43xx/src/sdio_18xx_43xx.o
LOAD out/libs/lpc_chip_43xx/src/hsadc_18xx_43xx.o
LOAD out/libs/lpc_chip_43xx/src/pinint_18xx_43xx.o
LOAD out/libs/lpc_chip_43xx/src/wwdt_18xx_43xx.o
LOAD out/libs/lpc_chip_43xx/src/timer_18xx_43xx.o
LOAD out/libs/lpc_chip_43xx/src/adc_18xx_43xx.o
LOAD out/libs/lpc_chip_43xx/src/iap_18xx_43xx.o
LOAD out/libs/lpc_chip_43xx/src/i2cm_18xx_43xx.o
LOAD out/libs/lpc_chip_43xx/src/sdif_18xx_43xx.o
LOAD out/libs/lpc_chip_43xx/src/atimer_18xx_43xx.o
LOAD out/libs/lpc_chip_43xx/src/sysinit_18xx_43xx.o
LOAD out/libs/lpc_chip_43xx/src/aes_18xx_43xx.o
LOAD out/libs/lpc_chip_43xx/src/pmc_18xx_43xx.o
LOAD out/libs/lpc_chip_43xx/src/chip_18xx_43xx.o
LOAD out/libs/lpc_chip_43xx/src/clock_18xx_43xx.o
LOAD out/libs/lpc_chip_43xx/src/ring_buffer.o
LOAD out/libs/lpc_chip_43xx/src/stopwatch_18xx_43xx.o
LOAD out/libs/lpc_chip_43xx/src/uart_18xx_43xx.o
LOAD out/libs/lpc_chip_43xx/src/lcd_18xx_43xx.o
LOAD out/libs/lpc_chip_43xx/src/dac_18xx_43xx.o
LOAD out/libs/lpc_chip_43xx/src/gpiogroup_18xx_43xx.o
LOAD out/libs/lpc_chip_43xx/src/ccan_18xx_43xx.o
LOAD out/libs/lpc_board_ciaa_edu_4337/src/board_sysinit.o
LOAD out/libs/lpc_board_ciaa_edu_4337/src/sysinit.o
LOAD out/libs/lpc_board_ciaa_edu_4337/src/cr_startup_lpc43xx.o
LOAD out/libs/lpc_board_ciaa_edu_4337/src/system.o
LOAD out/libs/lpc_board_ciaa_edu_4337/src/crp.o
LOAD out/libs/lpc_board_ciaa_edu_4337/src/board.o
LOAD out/libs/sapi/src/sapi_gpio.o
LOAD out/libs/sapi/src/sapi_adc.o
LOAD out/libs/sapi/src/sapi_board.o
LOAD out/libs/sapi/src/sapi_circularBuffer.o
LOAD out/libs/sapi/src/sapi_timer.o
LOAD out/libs/sapi/src/sapi_i2c.o
LOAD out/libs/sapi/src/sapi_tick.o
LOAD out/libs/sapi/src/sapi_rtc.o
LOAD out/libs/sapi/src/sapi_delay.o
LOAD out/libs/sapi/src/sapi_7_segment_display.o
LOAD out/libs/sapi/src/sapi_pwm.o
LOAD out/libs/sapi/src/sapi_datatypes.o
LOAD out/libs/sapi/src/sapi_spi.o
LOAD out/libs/sapi/src/sapi_servo.o
LOAD out/libs/sapi/src/sapi_uart.o
LOAD out/libs/sapi/src/sapi_hmc5883l.o
LOAD out/libs/sapi/src/sapi_sleep.o
LOAD out/libs/sapi/src/sapi_dac.o
LOAD out/libs/sapi/src/sapi_sct.o
LOAD out/libs/sapi/src/sapi_keypad.o
LOAD out/libs/fatfs_ssp/src/rtc.o
LOAD out/libs/fatfs_ssp/src/mmc.o
LOAD out/libs/fatfs_ssp/src/ff.o
START GROUP
LOAD c:/ciaa/cygwin/usr/arm-none-eabi/bin/../lib/gcc/arm-none-eabi/4.9.3/armv7e-m/fpu\libgcc.a
LOAD c:/ciaa/cygwin/usr/arm-none-eabi/bin/../lib/gcc/arm-none-eabi/4.9.3/../../../../arm-none-eabi/lib/armv7e-m/fpu\libc_nano.a
END GROUP
START GROUP
LOAD c:/ciaa/cygwin/usr/arm-none-eabi/bin/../lib/gcc/arm-none-eabi/4.9.3/armv7e-m/fpu\libgcc.a
LOAD c:/ciaa/cygwin/usr/arm-none-eabi/bin/../lib/gcc/arm-none-eabi/4.9.3/../../../../arm-none-eabi/lib/armv7e-m/fpu\libc_nano.a
END GROUP
START GROUP
LOAD c:/ciaa/cygwin/usr/arm-none-eabi/bin/../lib/gcc/arm-none-eabi/4.9.3/armv7e-m/fpu\libgcc.a
LOAD c:/ciaa/cygwin/usr/arm-none-eabi/bin/../lib/gcc/arm-none-eabi/4.9.3/../../../../arm-none-eabi/lib/armv7e-m/fpu\libc.a
LOAD c:/ciaa/cygwin/usr/arm-none-eabi/bin/../lib/gcc/arm-none-eabi/4.9.3/../../../../arm-none-eabi/lib/armv7e-m/fpu\libm.a
END GROUP
                0x1a080000                __top_MFlashA512 = 0x1a080000
                0x1b080000                __top_MFlashB512 = 0x1b080000
                0x10008000                __top_RamLoc32 = 0x10008000
                0x1008a000                __top_RamLoc40 = 0x1008a000
                0x20008000                __top_RamAHB32 = 0x20008000
                0x2000c000                __top_RamAHB16 = 0x2000c000
                0x20010000                __top_RamAHB_ETB16 = 0x20010000

.text_Flash2    0x1b000000        0x0
 FILL mask 0xff
 *(.text_Flash2*)
 *(.text_MFlashB512*)
 *(.text.$Flash2*)
 *(.text.$MFlashB512*)
 *(.rodata.$Flash2*)
 *(.rodata.$MFlashB512*)

.text           0x1a000000     0x22b8
 FILL mask 0xff
                0x1a000000                __vectors_start__ = ABSOLUTE (.)
 *(.isr_vector)
 .isr_vector    0x1a000000      0x114 out/libs/lpc_board_ciaa_edu_4337/src/cr_startup_lpc43xx.o
                0x1a000000                g_pfnVectors
                0x1a000114                . = ALIGN (0x4)
                0x1a000114                __section_table_start = .
                0x1a000114                __data_section_table = .
                0x1a000114        0x4 LONG 0x1a0022c0 LOADADDR (.data)
                0x1a000118        0x4 LONG 0x10000000 ADDR (.data)
                0x1a00011c        0x4 LONG 0x84 SIZEOF (.data)
                0x1a000120        0x4 LONG 0x1a0022c0 LOADADDR (.data_RAM2)
                0x1a000124        0x4 LONG 0x10080000 ADDR (.data_RAM2)
                0x1a000128        0x4 LONG 0x0 SIZEOF (.data_RAM2)
                0x1a00012c        0x4 LONG 0x1a0022c0 LOADADDR (.data_RAM3)
                0x1a000130        0x4 LONG 0x20000000 ADDR (.data_RAM3)
                0x1a000134        0x4 LONG 0x0 SIZEOF (.data_RAM3)
                0x1a000138        0x4 LONG 0x1a0022c0 LOADADDR (.data_RAM4)
                0x1a00013c        0x4 LONG 0x20008000 ADDR (.data_RAM4)
                0x1a000140        0x4 LONG 0x0 SIZEOF (.data_RAM4)
                0x1a000144        0x4 LONG 0x1a0022c0 LOADADDR (.data_RAM5)
                0x1a000148        0x4 LONG 0x2000c000 ADDR (.data_RAM5)
                0x1a00014c        0x4 LONG 0x0 SIZEOF (.data_RAM5)
                0x1a000150                __data_section_table_end = .
                0x1a000150                __bss_section_table = .
                0x1a000150        0x4 LONG 0x10000088 ADDR (.bss)
                0x1a000154        0x4 LONG 0x20 SIZEOF (.bss)
                0x1a000158        0x4 LONG 0x10080000 ADDR (.bss_RAM2)
                0x1a00015c        0x4 LONG 0x0 SIZEOF (.bss_RAM2)
                0x1a000160        0x4 LONG 0x20000000 ADDR (.bss_RAM3)
                0x1a000164        0x4 LONG 0x0 SIZEOF (.bss_RAM3)
                0x1a000168        0x4 LONG 0x20008000 ADDR (.bss_RAM4)
                0x1a00016c        0x4 LONG 0x0 SIZEOF (.bss_RAM4)
                0x1a000170        0x4 LONG 0x2000c000 ADDR (.bss_RAM5)
                0x1a000174        0x4 LONG 0x0 SIZEOF (.bss_RAM5)
                0x1a000178                __bss_section_table_end = .
                0x1a000178                __section_table_end = .
 *(.after_vectors*)
 .after_vectors
                0x1a000178       0x44 out/libs/lpc_board_ciaa_edu_4337/src/cr_startup_lpc43xx.o
                0x1a000178                NMI_Handler
                0x1a00017a                HardFault_Handler
                0x1a00017c                MemManage_Handler
                0x1a00017e                BusFault_Handler
                0x1a000180                UsageFault_Handler
                0x1a000182                SVC_Handler
                0x1a000184                DebugMon_Handler
                0x1a000186                PendSV_Handler
                0x1a00018a                ATIMER_IRQHandler
                0x1a00018a                SDIO_IRQHandler
                0x1a00018a                I2C1_IRQHandler
                0x1a00018a                UART1_IRQHandler
                0x1a00018a                GPIO5_IRQHandler
                0x1a00018a                CAN1_IRQHandler
                0x1a00018a                USB1_IRQHandler
                0x1a00018a                I2S0_IRQHandler
                0x1a00018a                GINT1_IRQHandler
                0x1a00018a                SGPIO_IRQHandler
                0x1a00018a                ADC0_IRQHandler
                0x1a00018a                I2C0_IRQHandler
                0x1a00018a                GPIO6_IRQHandler
                0x1a00018a                IntDefaultHandler
                0x1a00018a                GPIO1_IRQHandler
                0x1a00018a                SSP0_IRQHandler
                0x1a00018a                FLASH_EEPROM_IRQHandler
                0x1a00018a                RTC_IRQHandler
                0x1a00018a                SPI_IRQHandler
                0x1a00018a                LCD_IRQHandler
                0x1a00018a                M0APP_IRQHandler
                0x1a00018a                GPIO2_IRQHandler
                0x1a00018a                I2S1_IRQHandler
                0x1a00018a                SSP1_IRQHandler
                0x1a00018a                USB0_IRQHandler
                0x1a00018a                GPIO3_IRQHandler
                0x1a00018a                SCT_IRQHandler
                0x1a00018a                ADCHS_IRQHandler
                0x1a00018a                WDT_IRQHandler
                0x1a00018a                RIT_IRQHandler
                0x1a00018a                GPIO7_IRQHandler
                0x1a00018a                SPIFI_IRQHandler
                0x1a00018a                QEI_IRQHandler
                0x1a00018a                ETH_IRQHandler
                0x1a00018a                CAN0_IRQHandler
                0x1a00018a                GINT0_IRQHandler
                0x1a00018a                DAC_IRQHandler
                0x1a00018a                M0SUB_IRQHandler
                0x1a00018a                DMA_IRQHandler
                0x1a00018a                EVRT_IRQHandler
                0x1a00018a                ADC1_IRQHandler
                0x1a00018a                MCPWM_IRQHandler
                0x1a00018a                GPIO4_IRQHandler
                0x1a00018c                data_init
                0x1a0001aa                bss_init
 .after_vectors
                0x1a0001bc        0x2 out/libs/sapi/src/sapi_uart.o
                0x1a0001bc                UART0_IRQHandler
                0x000002fc                . = 0x2fc
 *fill*         0x1a0001be      0x13e ff
                0x1a0002fc                PROVIDE (__CRP_WORD_START__, .)
 *(.crp)
 .crp           0x1a0002fc        0x4 out/libs/lpc_board_ciaa_edu_4337/src/crp.o
                0x1a0002fc                CRP_WORD
                0x1a000300                PROVIDE (__CRP_WORD_END__, .)
                0x00000001                ASSERT (! ((__CRP_WORD_START__ == __CRP_WORD_END__)), Linker CRP Enabled, but no CRP_WORD provided within application)
 *(.text*)
 .text.stateMachine
                0x1a000300      0x1ac out/app/src/stateMachine.o
                0x1a000300                stateMachine
 .text.obtenerDatos
                0x1a0004ac       0x30 out/app/src/obtenerDatos.o
                0x1a0004ac                obtenerDatos
 .text.GPIO0_IRQHandler
                0x1a0004dc       0x20 out/app/src/programa.o
                0x1a0004dc                GPIO0_IRQHandler
 .text.main     0x1a0004fc       0x5c out/app/src/programa.o
                0x1a0004fc                main
 .text.check_state
                0x1a000558       0x40 out/app/src/checkState.o
                0x1a000558                check_state
 .text.Chip_I2C_EventHandler
                0x1a000598       0x20 out/libs/lpc_chip_43xx/src/i2c_18xx_43xx.o
                0x1a000598                Chip_I2C_EventHandler
 .text.handleMasterXferState
                0x1a0005b8      0x122 out/libs/lpc_chip_43xx/src/i2c_18xx_43xx.o
                0x1a0005b8                handleMasterXferState
 *fill*         0x1a0006da        0x2 
 .text.Chip_I2C_Init
                0x1a0006dc       0x24 out/libs/lpc_chip_43xx/src/i2c_18xx_43xx.o
                0x1a0006dc                Chip_I2C_Init
 .text.Chip_I2C_SetClockRate
                0x1a000700       0x38 out/libs/lpc_chip_43xx/src/i2c_18xx_43xx.o
                0x1a000700                Chip_I2C_SetClockRate
 .text.Chip_I2C_SetMasterEventHandler
                0x1a000738       0x30 out/libs/lpc_chip_43xx/src/i2c_18xx_43xx.o
                0x1a000738                Chip_I2C_SetMasterEventHandler
 .text.Chip_I2C_MasterStateHandler
                0x1a000768       0x34 out/libs/lpc_chip_43xx/src/i2c_18xx_43xx.o
                0x1a000768                Chip_I2C_MasterStateHandler
 .text.Chip_I2C_IsStateChanged
                0x1a00079c       0x18 out/libs/lpc_chip_43xx/src/i2c_18xx_43xx.o
                0x1a00079c                Chip_I2C_IsStateChanged
 .text.Chip_I2C_EventHandlerPolling
                0x1a0007b4       0x38 out/libs/lpc_chip_43xx/src/i2c_18xx_43xx.o
                0x1a0007b4                Chip_I2C_EventHandlerPolling
 .text.Chip_GPIO_Init
                0x1a0007ec        0x2 out/libs/lpc_chip_43xx/src/gpio_18xx_43xx.o
                0x1a0007ec                Chip_GPIO_Init
 .text.Chip_GPIO_SetDir
                0x1a0007ee       0x24 out/libs/lpc_chip_43xx/src/gpio_18xx_43xx.o
                0x1a0007ee                Chip_GPIO_SetDir
 *fill*         0x1a000812        0x2 
 .text.fpuInit  0x1a000814       0x54 out/libs/lpc_chip_43xx/src/fpu_init.o
                0x1a000814                fpuInit
 .text.Chip_I2CM_XferHandler
                0x1a000868      0x11e out/libs/lpc_chip_43xx/src/i2cm_18xx_43xx.o
                0x1a000868                Chip_I2CM_XferHandler
 .text.Chip_I2CM_Xfer
                0x1a000986        0xe out/libs/lpc_chip_43xx/src/i2cm_18xx_43xx.o
                0x1a000986                Chip_I2CM_Xfer
 .text.Chip_I2CM_XferBlocking
                0x1a000994       0x24 out/libs/lpc_chip_43xx/src/i2cm_18xx_43xx.o
                0x1a000994                Chip_I2CM_XferBlocking
 .text.Chip_SetupCoreClock
                0x1a0009b8      0x158 out/libs/lpc_chip_43xx/src/sysinit_18xx_43xx.o
                0x1a0009b8                Chip_SetupCoreClock
 .text.SystemCoreClockUpdate
                0x1a000b10       0x14 out/libs/lpc_chip_43xx/src/chip_18xx_43xx.o
                0x1a000b10                SystemCoreClockUpdate
 .text.pll_calc_divs
                0x1a000b24       0xa0 out/libs/lpc_chip_43xx/src/clock_18xx_43xx.o
 .text.pll_get_frac
                0x1a000bc4      0x100 out/libs/lpc_chip_43xx/src/clock_18xx_43xx.o
 .text.Chip_Clock_FindBaseClock
                0x1a000cc4       0x4c out/libs/lpc_chip_43xx/src/clock_18xx_43xx.o
 .text.Chip_Clock_EnableCrystal
                0x1a000d10       0x4c out/libs/lpc_chip_43xx/src/clock_18xx_43xx.o
                0x1a000d10                Chip_Clock_EnableCrystal
 .text.Chip_Clock_GetDividerSource
                0x1a000d5c       0x1c out/libs/lpc_chip_43xx/src/clock_18xx_43xx.o
                0x1a000d5c                Chip_Clock_GetDividerSource
 .text.Chip_Clock_GetDividerDivisor
                0x1a000d78       0x1c out/libs/lpc_chip_43xx/src/clock_18xx_43xx.o
                0x1a000d78                Chip_Clock_GetDividerDivisor
 .text.Chip_Clock_GetClockInputHz
                0x1a000d94       0xb8 out/libs/lpc_chip_43xx/src/clock_18xx_43xx.o
                0x1a000d94                Chip_Clock_GetClockInputHz
 .text.Chip_Clock_CalcMainPLLValue
                0x1a000e4c       0x80 out/libs/lpc_chip_43xx/src/clock_18xx_43xx.o
                0x1a000e4c                Chip_Clock_CalcMainPLLValue
 .text.Chip_Clock_GetMainPLLHz
                0x1a000ecc       0x6c out/libs/lpc_chip_43xx/src/clock_18xx_43xx.o
                0x1a000ecc                Chip_Clock_GetMainPLLHz
 .text.Chip_Clock_GetDivRate
                0x1a000f38       0x22 out/libs/lpc_chip_43xx/src/clock_18xx_43xx.o
 *fill*         0x1a000f5a        0x2 
 .text.Chip_Clock_SetBaseClock
                0x1a000f5c       0x58 out/libs/lpc_chip_43xx/src/clock_18xx_43xx.o
                0x1a000f5c                Chip_Clock_SetBaseClock
 .text.Chip_Clock_GetBaseClock
                0x1a000fb4       0x26 out/libs/lpc_chip_43xx/src/clock_18xx_43xx.o
                0x1a000fb4                Chip_Clock_GetBaseClock
 .text.Chip_Clock_GetBaseClocktHz
                0x1a000fda        0xc out/libs/lpc_chip_43xx/src/clock_18xx_43xx.o
                0x1a000fda                Chip_Clock_GetBaseClocktHz
 *fill*         0x1a000fe6        0x2 
 .text.Chip_Clock_EnableOpts
                0x1a000fe8       0x3c out/libs/lpc_chip_43xx/src/clock_18xx_43xx.o
                0x1a000fe8                Chip_Clock_EnableOpts
 .text.Chip_Clock_Enable
                0x1a001024       0x34 out/libs/lpc_chip_43xx/src/clock_18xx_43xx.o
                0x1a001024                Chip_Clock_Enable
 .text.Chip_Clock_GetRate
                0x1a001058       0x4c out/libs/lpc_chip_43xx/src/clock_18xx_43xx.o
                0x1a001058                Chip_Clock_GetRate
 .text.Chip_UART_GetIndex
                0x1a0010a4       0x2c out/libs/lpc_chip_43xx/src/uart_18xx_43xx.o
 .text.Chip_UART_Init
                0x1a0010d0       0x54 out/libs/lpc_chip_43xx/src/uart_18xx_43xx.o
                0x1a0010d0                Chip_UART_Init
 .text.Chip_UART_SetBaud
                0x1a001124       0x40 out/libs/lpc_chip_43xx/src/uart_18xx_43xx.o
                0x1a001124                Chip_UART_SetBaud
 .text.Chip_UART_SetBaudFDR
                0x1a001164       0xe8 out/libs/lpc_chip_43xx/src/uart_18xx_43xx.o
                0x1a001164                Chip_UART_SetBaudFDR
 .text.Board_SetupMuxing
                0x1a00124c       0x38 out/libs/lpc_board_ciaa_edu_4337/src/board_sysinit.o
                0x1a00124c                Board_SetupMuxing
 .text.Board_SetupClocking
                0x1a001284       0x6c out/libs/lpc_board_ciaa_edu_4337/src/board_sysinit.o
                0x1a001284                Board_SetupClocking
 .text.Board_SystemInit
                0x1a0012f0        0xc out/libs/lpc_board_ciaa_edu_4337/src/board_sysinit.o
                0x1a0012f0                Board_SystemInit
 .text.SystemInit
                0x1a0012fc        0xc out/libs/lpc_board_ciaa_edu_4337/src/sysinit.o
                0x1a0012fc                SystemInit
 .text.ResetISR
                0x1a001308       0x7c out/libs/lpc_board_ciaa_edu_4337/src/cr_startup_lpc43xx.o
                0x1a001308                ResetISR
 .text.Board_LED_Init
                0x1a001384       0x44 out/libs/lpc_board_ciaa_edu_4337/src/board.o
 .text.Board_UART_Init
                0x1a0013c8       0x14 out/libs/lpc_board_ciaa_edu_4337/src/board.o
                0x1a0013c8                Board_UART_Init
 .text.Board_Debug_Init
                0x1a0013dc       0x28 out/libs/lpc_board_ciaa_edu_4337/src/board.o
                0x1a0013dc                Board_Debug_Init
 .text.Board_Init
                0x1a001404       0x28 out/libs/lpc_board_ciaa_edu_4337/src/board.o
                0x1a001404                Board_Init
 .text.gpioObtainPinConfig
                0x1a00142c       0x34 out/libs/sapi/src/sapi_gpio.o
 .text.gpioConfig
                0x1a001460      0x174 out/libs/sapi/src/sapi_gpio.o
                0x1a001460                gpioConfig
 .text.gpioWrite
                0x1a0015d4       0x56 out/libs/sapi/src/sapi_gpio.o
                0x1a0015d4                gpioWrite
 .text.gpioRead
                0x1a00162a       0x54 out/libs/sapi/src/sapi_gpio.o
                0x1a00162a                gpioRead
 .text.gpioToggle
                0x1a00167e       0x16 out/libs/sapi/src/sapi_gpio.o
                0x1a00167e                gpioToggle
 .text.boardConfig
                0x1a001694       0xee out/libs/sapi/src/sapi_board.o
                0x1a001694                boardConfig
 .text.errorOcurred
                0x1a001782        0x2 out/libs/sapi/src/sapi_timer.o
 .text.doNothing
                0x1a001784        0x2 out/libs/sapi/src/sapi_timer.o
 *fill*         0x1a001786        0x2 
 .text.TIMER0_IRQHandler
                0x1a001788       0x40 out/libs/sapi/src/sapi_timer.o
                0x1a001788                TIMER0_IRQHandler
 .text.TIMER1_IRQHandler
                0x1a0017c8       0x40 out/libs/sapi/src/sapi_timer.o
                0x1a0017c8                TIMER1_IRQHandler
 .text.TIMER2_IRQHandler
                0x1a001808       0x44 out/libs/sapi/src/sapi_timer.o
                0x1a001808                TIMER2_IRQHandler
 .text.TIMER3_IRQHandler
                0x1a00184c       0x44 out/libs/sapi/src/sapi_timer.o
                0x1a00184c                TIMER3_IRQHandler
 .text.i2cHardwareConfig
                0x1a001890       0x30 out/libs/sapi/src/sapi_i2c.o
 .text.i2cHardwareRead
                0x1a0018c0       0x3c out/libs/sapi/src/sapi_i2c.o
 .text.i2cConfig
                0x1a0018fc        0xe out/libs/sapi/src/sapi_i2c.o
                0x1a0018fc                i2cConfig
 .text.i2cRead  0x1a00190a       0x28 out/libs/sapi/src/sapi_i2c.o
                0x1a00190a                i2cRead
 *fill*         0x1a001932        0x2 
 .text.tickConfig
                0x1a001934       0x78 out/libs/sapi/src/sapi_tick.o
                0x1a001934                tickConfig
 .text.SysTick_Handler
                0x1a0019ac       0x24 out/libs/sapi/src/sapi_tick.o
                0x1a0019ac                SysTick_Handler
 .text.sAPI_NullFuncPtr
                0x1a0019d0        0x4 out/libs/sapi/src/sapi_datatypes.o
                0x1a0019d0                sAPI_NullFuncPtr
 .text.uartConfig
                0x1a0019d4       0x64 out/libs/sapi/src/sapi_uart.o
                0x1a0019d4                uartConfig
 .text.uartWriteByte
                0x1a001a38       0x30 out/libs/sapi/src/sapi_uart.o
                0x1a001a38                uartWriteByte
 .text.uartWriteString
                0x1a001a68       0x18 out/libs/sapi/src/sapi_uart.o
                0x1a001a68                uartWriteString
 .text.UART2_IRQHandler
                0x1a001a80        0x2 out/libs/sapi/src/sapi_uart.o
                0x1a001a80                UART2_IRQHandler
 .text.UART3_IRQHandler
                0x1a001a82        0x2 out/libs/sapi/src/sapi_uart.o
                0x1a001a82                UART3_IRQHandler
 .text          0x1a001a84       0x30 c:/ciaa/cygwin/usr/arm-none-eabi/bin/../lib/gcc/arm-none-eabi/4.9.3/armv7e-m/fpu\libgcc.a(_aeabi_uldivmod.o)
                0x1a001a84                __aeabi_uldivmod
 .text          0x1a001ab4       0x60 c:/ciaa/cygwin/usr/arm-none-eabi/bin/../lib/gcc/arm-none-eabi/4.9.3/armv7e-m/fpu\libgcc.a(bpabi.o)
                0x1a001ab4                __gnu_ldivmod_helper
                0x1a001ae4                __gnu_uldivmod_helper
 .text          0x1a001b14        0x4 c:/ciaa/cygwin/usr/arm-none-eabi/bin/../lib/gcc/arm-none-eabi/4.9.3/armv7e-m/fpu\libgcc.a(_dvmd_tls.o)
                0x1a001b14                __aeabi_idiv0
                0x1a001b14                __aeabi_ldiv0
 .text          0x1a001b18      0x29c c:/ciaa/cygwin/usr/arm-none-eabi/bin/../lib/gcc/arm-none-eabi/4.9.3/armv7e-m/fpu\libgcc.a(_divdi3.o)
                0x1a001b18                __divdi3
 .text          0x1a001db4      0x26c c:/ciaa/cygwin/usr/arm-none-eabi/bin/../lib/gcc/arm-none-eabi/4.9.3/armv7e-m/fpu\libgcc.a(_udivdi3.o)
                0x1a001db4                __udivdi3
 .text.memset   0x1a002020       0x10 c:/ciaa/cygwin/usr/arm-none-eabi/bin/../lib/gcc/arm-none-eabi/4.9.3/../../../../arm-none-eabi/lib/armv7e-m/fpu\libc_nano.a(lib_a-memset.o)
                0x1a002020                memset
 *(.rodata .rodata.* .constdata .constdata.*)
 .rodata.InitClkStates
                0x1a002030       0x48 out/libs/lpc_chip_43xx/src/sysinit_18xx_43xx.o
 .rodata        0x1a002078        0x4 out/libs/lpc_chip_43xx/src/clock_18xx_43xx.o
 .rodata.Chip_Clock_SetDivider.str1.4
                0x1a00207c        0x8 out/libs/lpc_chip_43xx/src/clock_18xx_43xx.o
                                  0x6 (size before relaxing)
 .rodata.periph_to_base
                0x1a002084       0x6c out/libs/lpc_chip_43xx/src/clock_18xx_43xx.o
 .rodata.UART_BClock
                0x1a0020f0        0x8 out/libs/lpc_chip_43xx/src/uart_18xx_43xx.o
 .rodata.UART_PClock
                0x1a0020f8        0x8 out/libs/lpc_chip_43xx/src/uart_18xx_43xx.o
 .rodata.InitClkStates
                0x1a002100        0xc out/libs/lpc_board_ciaa_edu_4337/src/board_sysinit.o
 .rodata.pinmuxing
                0x1a00210c       0x60 out/libs/lpc_board_ciaa_edu_4337/src/board_sysinit.o
 .rodata.ExtRateIn
                0x1a00216c        0x4 out/libs/lpc_board_ciaa_edu_4337/src/board.o
                0x1a00216c                ExtRateIn
 .rodata.OscRateIn
                0x1a002170        0x4 out/libs/lpc_board_ciaa_edu_4337/src/board.o
                0x1a002170                OscRateIn
 .rodata.gpioLEDBits
                0x1a002174        0xc out/libs/lpc_board_ciaa_edu_4337/src/board.o
 .rodata.gpioPinsConfig
                0x1a002180      0x136 out/libs/sapi/src/sapi_gpio.o
                0x1a002180                gpioPinsConfig
                0x1a0022b8                . = ALIGN (0x4)
 *fill*         0x1a0022b6        0x2 ff

.glue_7         0x1a0022b8        0x0
 .glue_7        0x00000000        0x0 linker stubs

.glue_7t        0x1a0022b8        0x0
 .glue_7t       0x00000000        0x0 linker stubs

.vfp11_veneer   0x1a0022b8        0x0
 .vfp11_veneer  0x00000000        0x0 linker stubs

.v4_bx          0x1a0022b8        0x0
 .v4_bx         0x00000000        0x0 linker stubs

.iplt           0x1a0022b8        0x0
 .iplt          0x00000000        0x0 out/app/src/string.o

.ARM.extab
 *(.ARM.extab* .gnu.linkonce.armextab.*)
                0x1a0022b8                __exidx_start = .

.ARM.exidx      0x1a0022b8        0x8
 *(.ARM.exidx* .gnu.linkonce.armexidx.*)
 .ARM.exidx     0x1a0022b8        0x8 c:/ciaa/cygwin/usr/arm-none-eabi/bin/../lib/gcc/arm-none-eabi/4.9.3/armv7e-m/fpu\libgcc.a(_divdi3.o)
 .ARM.exidx     0x1a0022c0        0x0 c:/ciaa/cygwin/usr/arm-none-eabi/bin/../lib/gcc/arm-none-eabi/4.9.3/armv7e-m/fpu\libgcc.a(_udivdi3.o)
                                  0x8 (size before relaxing)
                0x1a0022c0                __exidx_end = .
                0x1a0022c0                _etext = .

.rel.dyn        0x1a0022c0        0x0
 .rel.iplt      0x00000000        0x0 out/app/src/string.o

.data_RAM2      0x10080000        0x0 load address 0x1a0022c0
 FILL mask 0xff
 *(.ramfunc.$RAM2)
 *(.ramfunc.$RamLoc40)
 *(.data.$RAM2*)
 *(.data.$RamLoc40*)
                0x10080000                . = ALIGN (0x4)

.data_RAM3      0x20000000        0x0 load address 0x1a0022c0
 FILL mask 0xff
 *(.ramfunc.$RAM3)
 *(.ramfunc.$RamAHB32)
 *(.data.$RAM3*)
 *(.data.$RamAHB32*)
                0x20000000                . = ALIGN (0x4)

.data_RAM4      0x20008000        0x0 load address 0x1a0022c0
 FILL mask 0xff
 *(.ramfunc.$RAM4)
 *(.ramfunc.$RamAHB16)
 *(.data.$RAM4*)
 *(.data.$RamAHB16*)
                0x20008000                . = ALIGN (0x4)

.data_RAM5      0x2000c000        0x0 load address 0x1a0022c0
 FILL mask 0xff
 *(.ramfunc.$RAM5)
 *(.ramfunc.$RamAHB_ETB16)
 *(.data.$RAM5*)
 *(.data.$RamAHB_ETB16*)
                0x2000c000                . = ALIGN (0x4)

.uninit_RESERVED
                0x10000000        0x0
 *(.bss.$RESERVED*)
                0x10000000                . = ALIGN (0x4)
                0x10000000                _end_uninit_RESERVED = .

.data           0x10000000       0x84 load address 0x1a0022c0
 FILL mask 0xff
                0x10000000                _data = .
 *(vtable)
 *(.ramfunc*)
 *(.data*)
 .data.STATE    0x10000000        0x4 out/app/src/stateMachine.o
                0x10000000                STATE
 .data.LEDCONTROL
                0x10000004        0x1 out/app/src/stateMachine.o
                0x10000004                LEDCONTROL
 *fill*         0x10000005        0x3 
 .data.i2c      0x10000008       0x38 out/libs/lpc_chip_43xx/src/i2c_18xx_43xx.o
 .data.timer_dd
                0x10000040       0x40 out/libs/sapi/src/sapi_timer.o
 .data.tickHookFunction
                0x10000080        0x4 out/libs/sapi/src/sapi_tick.o
                0x10000080                tickHookFunction
                0x10000084                . = ALIGN (0x4)
                0x10000084                _edata = .

.igot.plt       0x10000084        0x0 load address 0x1a002344
 .igot.plt      0x00000000        0x0 out/app/src/string.o

.bss_RAM2       0x10080000        0x0
 *(.bss.$RAM2*)
 *(.bss.$RamLoc40*)
                0x10080000                . = ALIGN (0x4)

.bss_RAM3       0x20000000        0x0
 *(.bss.$RAM3*)
 *(.bss.$RamAHB32*)
                0x20000000                . = ALIGN (0x4)

.bss_RAM4       0x20008000        0x0
 *(.bss.$RAM4*)
 *(.bss.$RamAHB16*)
                0x20008000                . = ALIGN (0x4)

.bss_RAM5       0x2000c000        0x0
 *(.bss.$RAM5*)
 *(.bss.$RamAHB_ETB16*)
                0x2000c000                . = ALIGN (0x4)

.bss            0x10000088       0x20
                0x10000088                _bss = .
 *(.bss*)
 .bss.audio_usb_pll_freq
                0x10000088        0x8 out/libs/lpc_chip_43xx/src/clock_18xx_43xx.o
 *(COMMON)
 COMMON         0x10000090        0x4 out/libs/lpc_chip_43xx/src/chip_18xx_43xx.o
                0x10000090                SystemCoreClock
 *fill*         0x10000094        0x4 
 COMMON         0x10000098       0x10 out/libs/sapi/src/sapi_tick.o
                0x10000098                tickCounter
                0x100000a0                tickRateMS
                0x100000a8                . = ALIGN (0x4)
                0x100000a8                _ebss = .
                0x100000a8                PROVIDE (end, .)

.noinit_RAM2    0x10080000        0x0
 *(.noinit.$RAM2*)
 *(.noinit.$RamLoc40*)
                0x10080000                . = ALIGN (0x4)

.noinit_RAM3    0x20000000        0x0
 *(.noinit.$RAM3*)
 *(.noinit.$RamAHB32*)
                0x20000000                . = ALIGN (0x4)

.noinit_RAM4    0x20008000        0x0
 *(.noinit.$RAM4*)
 *(.noinit.$RamAHB16*)
                0x20008000                . = ALIGN (0x4)

.noinit_RAM5    0x2000c000        0x0
 *(.noinit.$RAM5*)
 *(.noinit.$RamAHB_ETB16*)
                0x2000c000                . = ALIGN (0x4)

.noinit         0x100000a8        0x0
                0x100000a8                _noinit = .
 *(.noinit*)
                0x100000a8                . = ALIGN (0x4)
                0x100000a8                _end_noinit = .
                0x100000a8                PROVIDE (_pvHeapStart, .)
                0x10008000                PROVIDE (_vStackTop, (__top_RamLoc32 - 0x0))
                0x53ff6586                PROVIDE (__valid_user_code_checksum, (0x0 - ((((((_vStackTop + (ResetISR + 0x1)) + (NMI_Handler + 0x1)) + (HardFault_Handler + 0x1)) + (DEFINED (MemManage_Handler)?MemManage_Handler:0x0 + 0x1)) + (DEFINED (BusFault_Handler)?BusFault_Handler:0x0 + 0x1)) + (DEFINED (UsageFault_Handler)?UsageFault_Handler:0x0 + 0x1))))
OUTPUT(out/program.elf elf32-littlearm)

.debug_info     0x00000000    0x154da
 .debug_info    0x00000000      0x8dc out/app/src/stateMachine.o
 .debug_info    0x000008dc      0x248 out/app/src/obtenerDatos.o
 .debug_info    0x00000b24     0x131e out/app/src/programa.o
 .debug_info    0x00001e42      0x3e7 out/app/src/checkState.o
 .debug_info    0x00002229     0x1361 out/libs/lpc_chip_43xx/src/i2c_18xx_43xx.o
 .debug_info    0x0000358a      0x4c8 out/libs/lpc_chip_43xx/src/gpio_18xx_43xx.o
 .debug_info    0x00003a52      0x14c out/libs/lpc_chip_43xx/src/fpu_init.o
 .debug_info    0x00003b9e      0xa32 out/libs/lpc_chip_43xx/src/i2cm_18xx_43xx.o
 .debug_info    0x000045d0      0xb07 out/libs/lpc_chip_43xx/src/sysinit_18xx_43xx.o
 .debug_info    0x000050d7      0xc3b out/libs/lpc_chip_43xx/src/chip_18xx_43xx.o
 .debug_info    0x00005d12     0x18e4 out/libs/lpc_chip_43xx/src/clock_18xx_43xx.o
 .debug_info    0x000075f6     0x164c out/libs/lpc_chip_43xx/src/uart_18xx_43xx.o
 .debug_info    0x00008c42     0x14b0 out/libs/lpc_board_ciaa_edu_4337/src/board_sysinit.o
 .debug_info    0x0000a0f2      0x95e out/libs/lpc_board_ciaa_edu_4337/src/sysinit.o
 .debug_info    0x0000aa50      0x2ec out/libs/lpc_board_ciaa_edu_4337/src/cr_startup_lpc43xx.o
 .debug_info    0x0000ad3c       0x3f out/libs/lpc_board_ciaa_edu_4337/src/crp.o
 .debug_info    0x0000ad7b     0x2151 out/libs/lpc_board_ciaa_edu_4337/src/board.o
 .debug_info    0x0000cecc     0x19d5 out/libs/sapi/src/sapi_gpio.o
 .debug_info    0x0000e8a1      0xdc8 out/libs/sapi/src/sapi_board.o
 .debug_info    0x0000f669     0x1c99 out/libs/sapi/src/sapi_timer.o
 .debug_info    0x00011302      0xfee out/libs/sapi/src/sapi_i2c.o
 .debug_info    0x000122f0     0x1438 out/libs/sapi/src/sapi_tick.o
 .debug_info    0x00013728      0x957 out/libs/sapi/src/sapi_datatypes.o
 .debug_info    0x0001407f     0x145b out/libs/sapi/src/sapi_uart.o

.debug_abbrev   0x00000000     0x3735
 .debug_abbrev  0x00000000      0x108 out/app/src/stateMachine.o
 .debug_abbrev  0x00000108      0x126 out/app/src/obtenerDatos.o
 .debug_abbrev  0x0000022e      0x2fa out/app/src/programa.o
 .debug_abbrev  0x00000528      0x109 out/app/src/checkState.o
 .debug_abbrev  0x00000631      0x340 out/libs/lpc_chip_43xx/src/i2c_18xx_43xx.o
 .debug_abbrev  0x00000971      0x172 out/libs/lpc_chip_43xx/src/gpio_18xx_43xx.o
 .debug_abbrev  0x00000ae3       0xa2 out/libs/lpc_chip_43xx/src/fpu_init.o
 .debug_abbrev  0x00000b85      0x24a out/libs/lpc_chip_43xx/src/i2cm_18xx_43xx.o
 .debug_abbrev  0x00000dcf      0x20a out/libs/lpc_chip_43xx/src/sysinit_18xx_43xx.o
 .debug_abbrev  0x00000fd9      0x1bf out/libs/lpc_chip_43xx/src/chip_18xx_43xx.o
 .debug_abbrev  0x00001198      0x36f out/libs/lpc_chip_43xx/src/clock_18xx_43xx.o
 .debug_abbrev  0x00001507      0x3b3 out/libs/lpc_chip_43xx/src/uart_18xx_43xx.o
 .debug_abbrev  0x000018ba      0x2f8 out/libs/lpc_board_ciaa_edu_4337/src/board_sysinit.o
 .debug_abbrev  0x00001bb2      0x1de out/libs/lpc_board_ciaa_edu_4337/src/sysinit.o
 .debug_abbrev  0x00001d90      0x114 out/libs/lpc_board_ciaa_edu_4337/src/cr_startup_lpc43xx.o
 .debug_abbrev  0x00001ea4       0x36 out/libs/lpc_board_ciaa_edu_4337/src/crp.o
 .debug_abbrev  0x00001eda      0x3ee out/libs/lpc_board_ciaa_edu_4337/src/board.o
 .debug_abbrev  0x000022c8      0x385 out/libs/sapi/src/sapi_gpio.o
 .debug_abbrev  0x0000264d      0x214 out/libs/sapi/src/sapi_board.o
 .debug_abbrev  0x00002861      0x3cd out/libs/sapi/src/sapi_timer.o
 .debug_abbrev  0x00002c2e      0x2e4 out/libs/sapi/src/sapi_i2c.o
 .debug_abbrev  0x00002f12      0x301 out/libs/sapi/src/sapi_tick.o
 .debug_abbrev  0x00003213      0x1c2 out/libs/sapi/src/sapi_datatypes.o
 .debug_abbrev  0x000033d5      0x360 out/libs/sapi/src/sapi_uart.o

.debug_aranges  0x00000000      0x7c0
 .debug_aranges
                0x00000000       0x20 out/app/src/stateMachine.o
 .debug_aranges
                0x00000020       0x20 out/app/src/obtenerDatos.o
 .debug_aranges
                0x00000040       0x28 out/app/src/programa.o
 .debug_aranges
                0x00000068       0x28 out/app/src/checkState.o
 .debug_aranges
                0x00000090       0xd8 out/libs/lpc_chip_43xx/src/i2c_18xx_43xx.o
 .debug_aranges
                0x00000168       0x48 out/libs/lpc_chip_43xx/src/gpio_18xx_43xx.o
 .debug_aranges
                0x000001b0       0x20 out/libs/lpc_chip_43xx/src/fpu_init.o
 .debug_aranges
                0x000001d0       0x60 out/libs/lpc_chip_43xx/src/i2cm_18xx_43xx.o
 .debug_aranges
                0x00000230       0x38 out/libs/lpc_chip_43xx/src/sysinit_18xx_43xx.o
 .debug_aranges
                0x00000268       0x38 out/libs/lpc_chip_43xx/src/chip_18xx_43xx.o
 .debug_aranges
                0x000002a0      0x128 out/libs/lpc_chip_43xx/src/clock_18xx_43xx.o
 .debug_aranges
                0x000003c8       0xa8 out/libs/lpc_chip_43xx/src/uart_18xx_43xx.o
 .debug_aranges
                0x00000470       0x30 out/libs/lpc_board_ciaa_edu_4337/src/board_sysinit.o
 .debug_aranges
                0x000004a0       0x20 out/libs/lpc_board_ciaa_edu_4337/src/sysinit.o
 .debug_aranges
                0x000004c0       0x80 out/libs/lpc_board_ciaa_edu_4337/src/cr_startup_lpc43xx.o
 .debug_aranges
                0x00000540       0x18 out/libs/lpc_board_ciaa_edu_4337/src/crp.o
 .debug_aranges
                0x00000558       0x90 out/libs/lpc_board_ciaa_edu_4337/src/board.o
 .debug_aranges
                0x000005e8       0x40 out/libs/sapi/src/sapi_gpio.o
 .debug_aranges
                0x00000628       0x20 out/libs/sapi/src/sapi_board.o
 .debug_aranges
                0x00000648       0x78 out/libs/sapi/src/sapi_timer.o
 .debug_aranges
                0x000006c0       0x48 out/libs/sapi/src/sapi_i2c.o
 .debug_aranges
                0x00000708       0x38 out/libs/sapi/src/sapi_tick.o
 .debug_aranges
                0x00000740       0x20 out/libs/sapi/src/sapi_datatypes.o
 .debug_aranges
                0x00000760       0x60 out/libs/sapi/src/sapi_uart.o

.debug_ranges   0x00000000      0x6f8
 .debug_ranges  0x00000000       0x10 out/app/src/stateMachine.o
 .debug_ranges  0x00000010       0x10 out/app/src/obtenerDatos.o
 .debug_ranges  0x00000020       0x18 out/app/src/programa.o
 .debug_ranges  0x00000038       0x18 out/app/src/checkState.o
 .debug_ranges  0x00000050       0xc8 out/libs/lpc_chip_43xx/src/i2c_18xx_43xx.o
 .debug_ranges  0x00000118       0x38 out/libs/lpc_chip_43xx/src/gpio_18xx_43xx.o
 .debug_ranges  0x00000150       0x10 out/libs/lpc_chip_43xx/src/fpu_init.o
 .debug_ranges  0x00000160       0x50 out/libs/lpc_chip_43xx/src/i2cm_18xx_43xx.o
 .debug_ranges  0x000001b0       0x28 out/libs/lpc_chip_43xx/src/sysinit_18xx_43xx.o
 .debug_ranges  0x000001d8       0x28 out/libs/lpc_chip_43xx/src/chip_18xx_43xx.o
 .debug_ranges  0x00000200      0x190 out/libs/lpc_chip_43xx/src/clock_18xx_43xx.o
 .debug_ranges  0x00000390       0xb0 out/libs/lpc_chip_43xx/src/uart_18xx_43xx.o
 .debug_ranges  0x00000440       0x38 out/libs/lpc_board_ciaa_edu_4337/src/board_sysinit.o
 .debug_ranges  0x00000478       0x10 out/libs/lpc_board_ciaa_edu_4337/src/sysinit.o
 .debug_ranges  0x00000488       0x70 out/libs/lpc_board_ciaa_edu_4337/src/cr_startup_lpc43xx.o
 .debug_ranges  0x000004f8       0x80 out/libs/lpc_board_ciaa_edu_4337/src/board.o
 .debug_ranges  0x00000578       0x30 out/libs/sapi/src/sapi_gpio.o
 .debug_ranges  0x000005a8       0x10 out/libs/sapi/src/sapi_board.o
 .debug_ranges  0x000005b8       0x80 out/libs/sapi/src/sapi_timer.o
 .debug_ranges  0x00000638       0x38 out/libs/sapi/src/sapi_i2c.o
 .debug_ranges  0x00000670       0x28 out/libs/sapi/src/sapi_tick.o
 .debug_ranges  0x00000698       0x10 out/libs/sapi/src/sapi_datatypes.o
 .debug_ranges  0x000006a8       0x50 out/libs/sapi/src/sapi_uart.o

.debug_macro    0x00000000     0xa4b0
 .debug_macro   0x00000000      0x4ba out/app/src/stateMachine.o
 .debug_macro   0x000004ba      0x87a out/app/src/stateMachine.o
 .debug_macro   0x00000d34       0x22 out/app/src/stateMachine.o
 .debug_macro   0x00000d56       0x44 out/app/src/stateMachine.o
 .debug_macro   0x00000d9a       0x58 out/app/src/stateMachine.o
 .debug_macro   0x00000df2       0x22 out/app/src/stateMachine.o
 .debug_macro   0x00000e14      0x1df out/app/src/stateMachine.o
 .debug_macro   0x00000ff3       0x10 out/app/src/stateMachine.o
 .debug_macro   0x00001003       0x22 out/app/src/stateMachine.o
 .debug_macro   0x00001025       0x66 out/app/src/stateMachine.o
 .debug_macro   0x0000108b       0x28 out/app/src/stateMachine.o
 .debug_macro   0x000010b3       0x3b out/app/src/stateMachine.o
 .debug_macro   0x000010ee       0x2d out/app/src/stateMachine.o
 .debug_macro   0x0000111b       0x42 out/app/src/stateMachine.o
 .debug_macro   0x0000115d      0xd39 out/app/src/stateMachine.o
 .debug_macro   0x00001e96      0x2bc out/app/src/stateMachine.o
 .debug_macro   0x00002152      0x112 out/app/src/stateMachine.o
 .debug_macro   0x00002264       0x11 out/app/src/stateMachine.o
 .debug_macro   0x00002275       0x2a out/app/src/stateMachine.o
 .debug_macro   0x0000229f       0x16 out/app/src/stateMachine.o
 .debug_macro   0x000022b5      0x2e6 out/app/src/stateMachine.o
 .debug_macro   0x0000259b       0x82 out/app/src/stateMachine.o
 .debug_macro   0x0000261d      0x13d out/app/src/stateMachine.o
 .debug_macro   0x0000275a      0x198 out/app/src/stateMachine.o
 .debug_macro   0x000028f2       0x34 out/app/src/stateMachine.o
 .debug_macro   0x00002926       0x58 out/app/src/stateMachine.o
 .debug_macro   0x0000297e      0x236 out/app/src/stateMachine.o
 .debug_macro   0x00002bb4      0x572 out/app/src/stateMachine.o
 .debug_macro   0x00003126       0x16 out/app/src/stateMachine.o
 .debug_macro   0x0000313c      0x18a out/app/src/stateMachine.o
 .debug_macro   0x000032c6       0x88 out/app/src/stateMachine.o
 .debug_macro   0x0000334e      0x1b9 out/app/src/stateMachine.o
 .debug_macro   0x00003507      0x1da out/app/src/stateMachine.o
 .debug_macro   0x000036e1       0x40 out/app/src/stateMachine.o
 .debug_macro   0x00003721       0x1c out/app/src/stateMachine.o
 .debug_macro   0x0000373d       0x2e out/app/src/stateMachine.o
 .debug_macro   0x0000376b       0x2e out/app/src/stateMachine.o
 .debug_macro   0x00003799       0x22 out/app/src/stateMachine.o
 .debug_macro   0x000037bb      0x201 out/app/src/stateMachine.o
 .debug_macro   0x000039bc       0xe0 out/app/src/stateMachine.o
 .debug_macro   0x00003a9c      0x34c out/app/src/stateMachine.o
 .debug_macro   0x00003de8       0xdc out/app/src/stateMachine.o
 .debug_macro   0x00003ec4       0xc4 out/app/src/stateMachine.o
 .debug_macro   0x00003f88       0x94 out/app/src/stateMachine.o
 .debug_macro   0x0000401c       0xb8 out/app/src/stateMachine.o
 .debug_macro   0x000040d4       0x4c out/app/src/stateMachine.o
 .debug_macro   0x00004120       0x16 out/app/src/stateMachine.o
 .debug_macro   0x00004136      0x328 out/app/src/stateMachine.o
 .debug_macro   0x0000445e       0x3a out/app/src/stateMachine.o
 .debug_macro   0x00004498       0xd0 out/app/src/stateMachine.o
 .debug_macro   0x00004568       0x18 out/app/src/stateMachine.o
 .debug_macro   0x00004580       0x22 out/app/src/stateMachine.o
 .debug_macro   0x000045a2       0x40 out/app/src/stateMachine.o
 .debug_macro   0x000045e2       0x4c out/app/src/stateMachine.o
 .debug_macro   0x0000462e       0x58 out/app/src/stateMachine.o
 .debug_macro   0x00004686       0x35 out/app/src/stateMachine.o
 .debug_macro   0x000046bb       0x9c out/app/src/stateMachine.o
 .debug_macro   0x00004757       0x16 out/app/src/stateMachine.o
 .debug_macro   0x0000476d       0x97 out/app/src/stateMachine.o
 .debug_macro   0x00004804      0x29d out/app/src/stateMachine.o
 .debug_macro   0x00004aa1       0xef out/app/src/stateMachine.o
 .debug_macro   0x00004b90       0x10 out/app/src/stateMachine.o
 .debug_macro   0x00004ba0       0x52 out/app/src/stateMachine.o
 .debug_macro   0x00004bf2       0x16 out/app/src/stateMachine.o
 .debug_macro   0x00004c08       0x43 out/app/src/stateMachine.o
 .debug_macro   0x00004c4b      0x180 out/app/src/stateMachine.o
 .debug_macro   0x00004dcb       0x10 out/app/src/stateMachine.o
 .debug_macro   0x00004ddb       0x22 out/app/src/stateMachine.o
 .debug_macro   0x00004dfd       0xbe out/app/src/stateMachine.o
 .debug_macro   0x00004ebb       0x16 out/app/src/stateMachine.o
 .debug_macro   0x00004ed1      0x197 out/app/src/stateMachine.o
 .debug_macro   0x00005068       0x20 out/app/src/stateMachine.o
 .debug_macro   0x00005088       0x28 out/app/src/stateMachine.o
 .debug_macro   0x000050b0       0x16 out/app/src/stateMachine.o
 .debug_macro   0x000050c6       0x3a out/app/src/stateMachine.o
 .debug_macro   0x00005100       0x10 out/app/src/stateMachine.o
 .debug_macro   0x00005110       0x10 out/app/src/stateMachine.o
 .debug_macro   0x00005120       0x70 out/app/src/stateMachine.o
 .debug_macro   0x00005190      0x4b2 out/app/src/obtenerDatos.o
 .debug_macro   0x00005642      0x568 out/app/src/programa.o
 .debug_macro   0x00005baa      0x4c4 out/app/src/checkState.o
 .debug_macro   0x0000606e      0x313 out/libs/lpc_chip_43xx/src/i2c_18xx_43xx.o
 .debug_macro   0x00006381      0x301 out/libs/lpc_chip_43xx/src/gpio_18xx_43xx.o
 .debug_macro   0x00006682       0xe7 out/libs/lpc_chip_43xx/src/fpu_init.o
 .debug_macro   0x00006769      0x307 out/libs/lpc_chip_43xx/src/i2cm_18xx_43xx.o
 .debug_macro   0x00006a70      0x301 out/libs/lpc_chip_43xx/src/sysinit_18xx_43xx.o
 .debug_macro   0x00006d71      0x301 out/libs/lpc_chip_43xx/src/chip_18xx_43xx.o
 .debug_macro   0x00007072      0x307 out/libs/lpc_chip_43xx/src/clock_18xx_43xx.o
 .debug_macro   0x00007379      0x301 out/libs/lpc_chip_43xx/src/uart_18xx_43xx.o
 .debug_macro   0x0000767a      0x472 out/libs/lpc_board_ciaa_edu_4337/src/board_sysinit.o
 .debug_macro   0x00007aec       0x46 out/libs/lpc_board_ciaa_edu_4337/src/board_sysinit.o
 .debug_macro   0x00007b32      0x472 out/libs/lpc_board_ciaa_edu_4337/src/sysinit.o
 .debug_macro   0x00007fa4       0x1d out/libs/lpc_board_ciaa_edu_4337/src/cr_startup_lpc43xx.o
 .debug_macro   0x00007fc1       0x17 out/libs/lpc_board_ciaa_edu_4337/src/crp.o
 .debug_macro   0x00007fd8      0x47c out/libs/lpc_board_ciaa_edu_4337/src/board.o
 .debug_macro   0x00008454      0x48f out/libs/sapi/src/sapi_gpio.o
 .debug_macro   0x000088e3      0x4a3 out/libs/sapi/src/sapi_board.o
 .debug_macro   0x00008d86      0x49b out/libs/sapi/src/sapi_timer.o
 .debug_macro   0x00009221      0x4a7 out/libs/sapi/src/sapi_i2c.o
 .debug_macro   0x000096c8       0x34 out/libs/sapi/src/sapi_i2c.o
 .debug_macro   0x000096fc      0x485 out/libs/sapi/src/sapi_tick.o
 .debug_macro   0x00009b81      0x47b out/libs/sapi/src/sapi_datatypes.o
 .debug_macro   0x00009ffc      0x4b4 out/libs/sapi/src/sapi_uart.o

.debug_line     0x00000000     0xb6b8
 .debug_line    0x00000000      0x8db out/app/src/stateMachine.o
 .debug_line    0x000008db      0x890 out/app/src/obtenerDatos.o
 .debug_line    0x0000116b      0x958 out/app/src/programa.o
 .debug_line    0x00001ac3      0x8b8 out/app/src/checkState.o
 .debug_line    0x0000237b      0x940 out/libs/lpc_chip_43xx/src/i2c_18xx_43xx.o
 .debug_line    0x00002cbb      0x6d1 out/libs/lpc_chip_43xx/src/gpio_18xx_43xx.o
 .debug_line    0x0000338c      0x265 out/libs/lpc_chip_43xx/src/fpu_init.o
 .debug_line    0x000035f1      0x80d out/libs/lpc_chip_43xx/src/i2cm_18xx_43xx.o
 .debug_line    0x00003dfe      0x71f out/libs/lpc_chip_43xx/src/sysinit_18xx_43xx.o
 .debug_line    0x0000451d      0x6a9 out/libs/lpc_chip_43xx/src/chip_18xx_43xx.o
 .debug_line    0x00004bc6      0xa7f out/libs/lpc_chip_43xx/src/clock_18xx_43xx.o
 .debug_line    0x00005645      0x947 out/libs/lpc_chip_43xx/src/uart_18xx_43xx.o
 .debug_line    0x00005f8c      0x81c out/libs/lpc_board_ciaa_edu_4337/src/board_sysinit.o
 .debug_line    0x000067a8      0x7bc out/libs/lpc_board_ciaa_edu_4337/src/sysinit.o
 .debug_line    0x00006f64       0xe0 out/libs/lpc_board_ciaa_edu_4337/src/cr_startup_lpc43xx.o
 .debug_line    0x00007044       0x47 out/libs/lpc_board_ciaa_edu_4337/src/crp.o
 .debug_line    0x0000708b      0x960 out/libs/lpc_board_ciaa_edu_4337/src/board.o
 .debug_line    0x000079eb      0x8db out/libs/sapi/src/sapi_gpio.o
 .debug_line    0x000082c6      0x82f out/libs/sapi/src/sapi_board.o
 .debug_line    0x00008af5      0x9c6 out/libs/sapi/src/sapi_timer.o
 .debug_line    0x000094bb      0x8a0 out/libs/sapi/src/sapi_i2c.o
 .debug_line    0x00009d5b      0x831 out/libs/sapi/src/sapi_tick.o
 .debug_line    0x0000a58c      0x7cf out/libs/sapi/src/sapi_datatypes.o
 .debug_line    0x0000ad5b      0x95d out/libs/sapi/src/sapi_uart.o

.debug_str      0x00000000    0x1d7eb
 .debug_str     0x00000000    0x1835a out/app/src/stateMachine.o
                              0x185ee (size before relaxing)
 .debug_str     0x0001835a       0xb9 out/app/src/obtenerDatos.o
                              0x17b19 (size before relaxing)
 .debug_str     0x00018413     0x29cc out/app/src/programa.o
                              0x19679 (size before relaxing)
 .debug_str     0x0001addf       0x57 out/app/src/checkState.o
                              0x17bf4 (size before relaxing)
 .debug_str     0x0001ae36      0x5f2 out/libs/lpc_chip_43xx/src/i2c_18xx_43xx.o
                              0x1587c (size before relaxing)
 .debug_str     0x0001b428      0x14a out/libs/lpc_chip_43xx/src/gpio_18xx_43xx.o
                              0x14988 (size before relaxing)
 .debug_str     0x0001b572       0xc5 out/libs/lpc_chip_43xx/src/fpu_init.o
                               0x90f7 (size before relaxing)
 .debug_str     0x0001b637      0x1ab out/libs/lpc_chip_43xx/src/i2cm_18xx_43xx.o
                              0x14ee9 (size before relaxing)
 .debug_str     0x0001b7e2      0x34a out/libs/lpc_chip_43xx/src/sysinit_18xx_43xx.o
                              0x15598 (size before relaxing)
 .debug_str     0x0001bb2c      0x21a out/libs/lpc_chip_43xx/src/chip_18xx_43xx.o
                              0x1563a (size before relaxing)
 .debug_str     0x0001bd46      0x3e9 out/libs/lpc_chip_43xx/src/clock_18xx_43xx.o
                              0x15afc (size before relaxing)
 .debug_str     0x0001c12f      0x46e out/libs/lpc_chip_43xx/src/uart_18xx_43xx.o
                              0x1574a (size before relaxing)
 .debug_str     0x0001c59d       0xfb out/libs/lpc_board_ciaa_edu_4337/src/board_sysinit.o
                              0x19824 (size before relaxing)
 .debug_str     0x0001c698       0x35 out/libs/lpc_board_ciaa_edu_4337/src/sysinit.o
                              0x18a4b (size before relaxing)
 .debug_str     0x0001c6cd      0x20c out/libs/lpc_board_ciaa_edu_4337/src/cr_startup_lpc43xx.o
                               0x278e (size before relaxing)
 .debug_str     0x0001c8d9       0x46 out/libs/lpc_board_ciaa_edu_4337/src/crp.o
                               0x25a4 (size before relaxing)
 .debug_str     0x0001c91f      0x51f out/libs/lpc_board_ciaa_edu_4337/src/board.o
                              0x19c65 (size before relaxing)
 .debug_str     0x0001ce3e       0xf4 out/libs/sapi/src/sapi_gpio.o
                              0x1986d (size before relaxing)
 .debug_str     0x0001cf32       0x26 out/libs/sapi/src/sapi_board.o
                              0x18c80 (size before relaxing)
 .debug_str     0x0001cf58      0x448 out/libs/sapi/src/sapi_timer.o
                              0x19cb7 (size before relaxing)
 .debug_str     0x0001d3a0      0x10c out/libs/sapi/src/sapi_i2c.o
                              0x18e6f (size before relaxing)
 .debug_str     0x0001d4ac       0xb6 out/libs/sapi/src/sapi_tick.o
                              0x1996f (size before relaxing)
 .debug_str     0x0001d562       0x30 out/libs/sapi/src/sapi_datatypes.o
                              0x18a83 (size before relaxing)
 .debug_str     0x0001d592      0x259 out/libs/sapi/src/sapi_uart.o
                              0x18f2c (size before relaxing)

.comment        0x00000000       0xef
 .comment       0x00000000       0x70 out/app/src/stateMachine.o
                                 0x71 (size before relaxing)
 .comment       0x00000000       0x71 out/app/src/obtenerDatos.o
 .comment       0x00000070       0x7f out/app/src/programa.o
                                 0x80 (size before relaxing)
 .comment       0x00000000       0x71 out/app/src/checkState.o
 .comment       0x00000000       0x80 out/libs/lpc_chip_43xx/src/i2c_18xx_43xx.o
 .comment       0x00000000       0x80 out/libs/lpc_chip_43xx/src/gpio_18xx_43xx.o
 .comment       0x00000000       0x80 out/libs/lpc_chip_43xx/src/fpu_init.o
 .comment       0x00000000       0x80 out/libs/lpc_chip_43xx/src/i2cm_18xx_43xx.o
 .comment       0x00000000       0x80 out/libs/lpc_chip_43xx/src/sysinit_18xx_43xx.o
 .comment       0x00000000       0x80 out/libs/lpc_chip_43xx/src/chip_18xx_43xx.o
 .comment       0x00000000       0x80 out/libs/lpc_chip_43xx/src/clock_18xx_43xx.o
 .comment       0x00000000       0x80 out/libs/lpc_chip_43xx/src/uart_18xx_43xx.o
 .comment       0x00000000       0x80 out/libs/lpc_board_ciaa_edu_4337/src/board_sysinit.o
 .comment       0x00000000       0x80 out/libs/lpc_board_ciaa_edu_4337/src/sysinit.o
 .comment       0x00000000       0x80 out/libs/lpc_board_ciaa_edu_4337/src/cr_startup_lpc43xx.o
 .comment       0x00000000       0x80 out/libs/lpc_board_ciaa_edu_4337/src/crp.o
 .comment       0x00000000       0x80 out/libs/lpc_board_ciaa_edu_4337/src/board.o
 .comment       0x00000000       0x80 out/libs/sapi/src/sapi_gpio.o
 .comment       0x00000000       0x80 out/libs/sapi/src/sapi_board.o
 .comment       0x00000000       0x80 out/libs/sapi/src/sapi_timer.o
 .comment       0x00000000       0x80 out/libs/sapi/src/sapi_i2c.o
 .comment       0x00000000       0x80 out/libs/sapi/src/sapi_tick.o
 .comment       0x00000000       0x80 out/libs/sapi/src/sapi_datatypes.o
 .comment       0x00000000       0x80 out/libs/sapi/src/sapi_uart.o

.ARM.attributes
                0x00000000       0x39
 .ARM.attributes
                0x00000000       0x39 out/app/src/stateMachine.o
 .ARM.attributes
                0x00000039       0x39 out/app/src/obtenerDatos.o
 .ARM.attributes
                0x00000072       0x39 out/app/src/programa.o
 .ARM.attributes
                0x000000ab       0x39 out/app/src/checkState.o
 .ARM.attributes
                0x000000e4       0x39 out/libs/lpc_chip_43xx/src/i2c_18xx_43xx.o
 .ARM.attributes
                0x0000011d       0x39 out/libs/lpc_chip_43xx/src/gpio_18xx_43xx.o
 .ARM.attributes
                0x00000156       0x39 out/libs/lpc_chip_43xx/src/fpu_init.o
 .ARM.attributes
                0x0000018f       0x39 out/libs/lpc_chip_43xx/src/i2cm_18xx_43xx.o
 .ARM.attributes
                0x000001c8       0x39 out/libs/lpc_chip_43xx/src/sysinit_18xx_43xx.o
 .ARM.attributes
                0x00000201       0x39 out/libs/lpc_chip_43xx/src/chip_18xx_43xx.o
 .ARM.attributes
                0x0000023a       0x39 out/libs/lpc_chip_43xx/src/clock_18xx_43xx.o
 .ARM.attributes
                0x00000273       0x39 out/libs/lpc_chip_43xx/src/uart_18xx_43xx.o
 .ARM.attributes
                0x000002ac       0x39 out/libs/lpc_board_ciaa_edu_4337/src/board_sysinit.o
 .ARM.attributes
                0x000002e5       0x39 out/libs/lpc_board_ciaa_edu_4337/src/sysinit.o
 .ARM.attributes
                0x0000031e       0x39 out/libs/lpc_board_ciaa_edu_4337/src/cr_startup_lpc43xx.o
 .ARM.attributes
                0x00000357       0x39 out/libs/lpc_board_ciaa_edu_4337/src/crp.o
 .ARM.attributes
                0x00000390       0x39 out/libs/lpc_board_ciaa_edu_4337/src/board.o
 .ARM.attributes
                0x000003c9       0x39 out/libs/sapi/src/sapi_gpio.o
 .ARM.attributes
                0x00000402       0x39 out/libs/sapi/src/sapi_board.o
 .ARM.attributes
                0x0000043b       0x39 out/libs/sapi/src/sapi_timer.o
 .ARM.attributes
                0x00000474       0x39 out/libs/sapi/src/sapi_i2c.o
 .ARM.attributes
                0x000004ad       0x39 out/libs/sapi/src/sapi_tick.o
 .ARM.attributes
                0x000004e6       0x39 out/libs/sapi/src/sapi_datatypes.o
 .ARM.attributes
                0x0000051f       0x39 out/libs/sapi/src/sapi_uart.o
 .ARM.attributes
                0x00000558       0x22 c:/ciaa/cygwin/usr/arm-none-eabi/bin/../lib/gcc/arm-none-eabi/4.9.3/armv7e-m/fpu\libgcc.a(_aeabi_uldivmod.o)
 .ARM.attributes
                0x0000057a       0x34 c:/ciaa/cygwin/usr/arm-none-eabi/bin/../lib/gcc/arm-none-eabi/4.9.3/armv7e-m/fpu\libgcc.a(bpabi.o)
 .ARM.attributes
                0x000005ae       0x22 c:/ciaa/cygwin/usr/arm-none-eabi/bin/../lib/gcc/arm-none-eabi/4.9.3/armv7e-m/fpu\libgcc.a(_dvmd_tls.o)
 .ARM.attributes
                0x000005d0       0x34 c:/ciaa/cygwin/usr/arm-none-eabi/bin/../lib/gcc/arm-none-eabi/4.9.3/armv7e-m/fpu\libgcc.a(_divdi3.o)
 .ARM.attributes
                0x00000604       0x34 c:/ciaa/cygwin/usr/arm-none-eabi/bin/../lib/gcc/arm-none-eabi/4.9.3/armv7e-m/fpu\libgcc.a(_udivdi3.o)
 .ARM.attributes
                0x00000638       0x34 c:/ciaa/cygwin/usr/arm-none-eabi/bin/../lib/gcc/arm-none-eabi/4.9.3/../../../../arm-none-eabi/lib/armv7e-m/fpu\libc_nano.a(lib_a-memset.o)

.debug_frame    0x00000000     0x1280
 .debug_frame   0x00000000       0x28 out/app/src/stateMachine.o
 .debug_frame   0x00000028       0x30 out/app/src/obtenerDatos.o
 .debug_frame   0x00000058       0x40 out/app/src/programa.o
 .debug_frame   0x00000098       0x44 out/app/src/checkState.o
 .debug_frame   0x000000dc      0x25c out/libs/lpc_chip_43xx/src/i2c_18xx_43xx.o
 .debug_frame   0x00000338       0x88 out/libs/lpc_chip_43xx/src/gpio_18xx_43xx.o
 .debug_frame   0x000003c0       0x2c out/libs/lpc_chip_43xx/src/fpu_init.o
 .debug_frame   0x000003ec       0xe0 out/libs/lpc_chip_43xx/src/i2cm_18xx_43xx.o
 .debug_frame   0x000004cc       0x7c out/libs/lpc_chip_43xx/src/sysinit_18xx_43xx.o
 .debug_frame   0x00000548       0x70 out/libs/lpc_chip_43xx/src/chip_18xx_43xx.o
 .debug_frame   0x000005b8      0x314 out/libs/lpc_chip_43xx/src/clock_18xx_43xx.o
 .debug_frame   0x000008cc      0x1f4 out/libs/lpc_chip_43xx/src/uart_18xx_43xx.o
 .debug_frame   0x00000ac0       0x5c out/libs/lpc_board_ciaa_edu_4337/src/board_sysinit.o
 .debug_frame   0x00000b1c       0x28 out/libs/lpc_board_ciaa_edu_4337/src/sysinit.o
 .debug_frame   0x00000b44       0xf4 out/libs/lpc_board_ciaa_edu_4337/src/cr_startup_lpc43xx.o
 .debug_frame   0x00000c38      0x138 out/libs/lpc_board_ciaa_edu_4337/src/board.o
 .debug_frame   0x00000d70       0xa4 out/libs/sapi/src/sapi_gpio.o
 .debug_frame   0x00000e14       0x28 out/libs/sapi/src/sapi_board.o
 .debug_frame   0x00000e3c      0x134 out/libs/sapi/src/sapi_timer.o
 .debug_frame   0x00000f70       0xbc out/libs/sapi/src/sapi_i2c.o
 .debug_frame   0x0000102c       0x60 out/libs/sapi/src/sapi_tick.o
 .debug_frame   0x0000108c       0x20 out/libs/sapi/src/sapi_datatypes.o
 .debug_frame   0x000010ac       0xd8 out/libs/sapi/src/sapi_uart.o
 .debug_frame   0x00001184       0x28 c:/ciaa/cygwin/usr/arm-none-eabi/bin/../lib/gcc/arm-none-eabi/4.9.3/armv7e-m/fpu\libgcc.a(_aeabi_uldivmod.o)
 .debug_frame   0x000011ac       0x50 c:/ciaa/cygwin/usr/arm-none-eabi/bin/../lib/gcc/arm-none-eabi/4.9.3/armv7e-m/fpu\libgcc.a(bpabi.o)
 .debug_frame   0x000011fc       0x34 c:/ciaa/cygwin/usr/arm-none-eabi/bin/../lib/gcc/arm-none-eabi/4.9.3/armv7e-m/fpu\libgcc.a(_divdi3.o)
 .debug_frame   0x00001230       0x30 c:/ciaa/cygwin/usr/arm-none-eabi/bin/../lib/gcc/arm-none-eabi/4.9.3/armv7e-m/fpu\libgcc.a(_udivdi3.o)
 .debug_frame   0x00001260       0x20 c:/ciaa/cygwin/usr/arm-none-eabi/bin/../lib/gcc/arm-none-eabi/4.9.3/../../../../arm-none-eabi/lib/armv7e-m/fpu\libc_nano.a(lib_a-memset.o)

.debug_loc      0x00000000     0x5953
 .debug_loc     0x00000000      0x12e out/app/src/programa.o
 .debug_loc     0x0000012e       0x76 out/app/src/checkState.o
 .debug_loc     0x000001a4      0xc42 out/libs/lpc_chip_43xx/src/i2c_18xx_43xx.o
 .debug_loc     0x00000de6      0x3d8 out/libs/lpc_chip_43xx/src/gpio_18xx_43xx.o
 .debug_loc     0x000011be       0x2b out/libs/lpc_chip_43xx/src/fpu_init.o
 .debug_loc     0x000011e9      0x4d2 out/libs/lpc_chip_43xx/src/i2cm_18xx_43xx.o
 .debug_loc     0x000016bb      0x14d out/libs/lpc_chip_43xx/src/sysinit_18xx_43xx.o
 .debug_loc     0x00001808     0x1295 out/libs/lpc_chip_43xx/src/clock_18xx_43xx.o
 .debug_loc     0x00002a9d      0xd25 out/libs/lpc_chip_43xx/src/uart_18xx_43xx.o
 .debug_loc     0x000037c2       0xc3 out/libs/lpc_board_ciaa_edu_4337/src/board_sysinit.o
 .debug_loc     0x00003885      0x206 out/libs/lpc_board_ciaa_edu_4337/src/cr_startup_lpc43xx.o
 .debug_loc     0x00003a8b      0x5e2 out/libs/lpc_board_ciaa_edu_4337/src/board.o
 .debug_loc     0x0000406d      0x60e out/libs/sapi/src/sapi_gpio.o
 .debug_loc     0x0000467b      0x7c0 out/libs/sapi/src/sapi_timer.o
 .debug_loc     0x00004e3b      0x43a out/libs/sapi/src/sapi_i2c.o
 .debug_loc     0x00005275      0x129 out/libs/sapi/src/sapi_tick.o
 .debug_loc     0x0000539e       0x21 out/libs/sapi/src/sapi_datatypes.o
 .debug_loc     0x000053bf      0x594 out/libs/sapi/src/sapi_uart.o

Cross Reference Table

Symbol                                            File
ADC0_IRQHandler                                   out/libs/lpc_board_ciaa_edu_4337/src/cr_startup_lpc43xx.o
ADC1_IRQHandler                                   out/libs/lpc_board_ciaa_edu_4337/src/cr_startup_lpc43xx.o
ADCHS_IRQHandler                                  out/libs/lpc_board_ciaa_edu_4337/src/cr_startup_lpc43xx.o
ATIMER_IRQHandler                                 out/libs/lpc_board_ciaa_edu_4337/src/cr_startup_lpc43xx.o
Board_DAC_Init                                    out/libs/lpc_board_ciaa_edu_4337/src/board.o
Board_Debug_Init                                  out/libs/lpc_board_ciaa_edu_4337/src/board.o
Board_ENET_GetMacADDR                             out/libs/lpc_board_ciaa_edu_4337/src/board.o
Board_I2C_Init                                    out/libs/lpc_board_ciaa_edu_4337/src/board.o
Board_Init                                        out/libs/lpc_board_ciaa_edu_4337/src/board.o
                                                  out/libs/sapi/src/sapi_board.o
Board_LED_Set                                     out/libs/lpc_board_ciaa_edu_4337/src/board.o
Board_LED_Test                                    out/libs/lpc_board_ciaa_edu_4337/src/board.o
Board_LED_Toggle                                  out/libs/lpc_board_ciaa_edu_4337/src/board.o
Board_SDMMC_Init                                  out/libs/lpc_board_ciaa_edu_4337/src/board.o
Board_SSP_Init                                    out/libs/lpc_board_ciaa_edu_4337/src/board.o
Board_SetupClocking                               out/libs/lpc_board_ciaa_edu_4337/src/board_sysinit.o
Board_SetupMuxing                                 out/libs/lpc_board_ciaa_edu_4337/src/board_sysinit.o
Board_SystemInit                                  out/libs/lpc_board_ciaa_edu_4337/src/board_sysinit.o
                                                  out/libs/lpc_board_ciaa_edu_4337/src/sysinit.o
Board_UARTGetChar                                 out/libs/lpc_board_ciaa_edu_4337/src/board.o
                                                  out/libs/lpc_board_ciaa_edu_4337/src/system.o
Board_UARTPutChar                                 out/libs/lpc_board_ciaa_edu_4337/src/board.o
                                                  out/libs/lpc_board_ciaa_edu_4337/src/system.o
Board_UARTPutSTR                                  out/libs/lpc_board_ciaa_edu_4337/src/board.o
Board_UART_Init                                   out/libs/lpc_board_ciaa_edu_4337/src/board.o
BusFault_Handler                                  out/libs/lpc_board_ciaa_edu_4337/src/cr_startup_lpc43xx.o
CAN0_IRQHandler                                   out/libs/lpc_board_ciaa_edu_4337/src/cr_startup_lpc43xx.o
CAN1_IRQHandler                                   out/libs/lpc_board_ciaa_edu_4337/src/cr_startup_lpc43xx.o
CRP_WORD                                          out/libs/lpc_board_ciaa_edu_4337/src/crp.o
Chip_ADC_DeInit                                   out/libs/lpc_chip_43xx/src/adc_18xx_43xx.o
                                                  out/libs/sapi/src/sapi_adc.o
Chip_ADC_EnableChannel                            out/libs/lpc_chip_43xx/src/adc_18xx_43xx.o
                                                  out/libs/sapi/src/sapi_adc.o
Chip_ADC_Init                                     out/libs/lpc_chip_43xx/src/adc_18xx_43xx.o
                                                  out/libs/sapi/src/sapi_adc.o
Chip_ADC_Int_SetChannelCmd                        out/libs/lpc_chip_43xx/src/adc_18xx_43xx.o
                                                  out/libs/sapi/src/sapi_adc.o
Chip_ADC_ReadByte                                 out/libs/lpc_chip_43xx/src/adc_18xx_43xx.o
Chip_ADC_ReadStatus                               out/libs/lpc_chip_43xx/src/adc_18xx_43xx.o
                                                  out/libs/sapi/src/sapi_adc.o
Chip_ADC_ReadValue                                out/libs/lpc_chip_43xx/src/adc_18xx_43xx.o
                                                  out/libs/sapi/src/sapi_adc.o
Chip_ADC_SetBurstCmd                              out/libs/lpc_chip_43xx/src/adc_18xx_43xx.o
                                                  out/libs/sapi/src/sapi_adc.o
Chip_ADC_SetResolution                            out/libs/lpc_chip_43xx/src/adc_18xx_43xx.o
Chip_ADC_SetSampleRate                            out/libs/lpc_chip_43xx/src/adc_18xx_43xx.o
                                                  out/libs/sapi/src/sapi_adc.o
Chip_ADC_SetStartMode                             out/libs/lpc_chip_43xx/src/adc_18xx_43xx.o
                                                  out/libs/sapi/src/sapi_adc.o
Chip_AES_Config_DMA                               out/libs/lpc_chip_43xx/src/aes_18xx_43xx.o
Chip_AES_GetStatusDMA                             out/libs/lpc_chip_43xx/src/aes_18xx_43xx.o
Chip_AES_Init                                     out/libs/lpc_chip_43xx/src/aes_18xx_43xx.o
Chip_AES_LoadIV_IC                                out/libs/lpc_chip_43xx/src/aes_18xx_43xx.o
Chip_AES_LoadIV_SW                                out/libs/lpc_chip_43xx/src/aes_18xx_43xx.o
Chip_AES_LoadKey                                  out/libs/lpc_chip_43xx/src/aes_18xx_43xx.o
Chip_AES_LoadKeyRNG                               out/libs/lpc_chip_43xx/src/aes_18xx_43xx.o
Chip_AES_LoadKeySW                                out/libs/lpc_chip_43xx/src/aes_18xx_43xx.o
Chip_AES_Operate                                  out/libs/lpc_chip_43xx/src/aes_18xx_43xx.o
Chip_AES_OperateDMA                               out/libs/lpc_chip_43xx/src/aes_18xx_43xx.o
Chip_AES_ProgramKey                               out/libs/lpc_chip_43xx/src/aes_18xx_43xx.o
Chip_AES_SetMode                                  out/libs/lpc_chip_43xx/src/aes_18xx_43xx.o
Chip_ATIMER_DeInit                                out/libs/lpc_chip_43xx/src/atimer_18xx_43xx.o
Chip_ATIMER_Init                                  out/libs/lpc_chip_43xx/src/atimer_18xx_43xx.o
Chip_CCAN_AddReceiveID                            out/libs/lpc_chip_43xx/src/ccan_18xx_43xx.o
Chip_CCAN_ClearStatus                             out/libs/lpc_chip_43xx/src/ccan_18xx_43xx.o
Chip_CCAN_DeInit                                  out/libs/lpc_chip_43xx/src/ccan_18xx_43xx.o
Chip_CCAN_DeleteReceiveID                         out/libs/lpc_chip_43xx/src/ccan_18xx_43xx.o
Chip_CCAN_GetMsgObject                            out/libs/lpc_chip_43xx/src/ccan_18xx_43xx.o
Chip_CCAN_Init                                    out/libs/lpc_chip_43xx/src/ccan_18xx_43xx.o
Chip_CCAN_Send                                    out/libs/lpc_chip_43xx/src/ccan_18xx_43xx.o
Chip_CCAN_SetBitRate                              out/libs/lpc_chip_43xx/src/ccan_18xx_43xx.o
Chip_CCAN_SetMsgObject                            out/libs/lpc_chip_43xx/src/ccan_18xx_43xx.o
Chip_CCAN_SetValidMsg                             out/libs/lpc_chip_43xx/src/ccan_18xx_43xx.o
Chip_CCAN_TransferMsgObject                       out/libs/lpc_chip_43xx/src/ccan_18xx_43xx.o
Chip_Clock_CalcMainPLLValue                       out/libs/lpc_chip_43xx/src/clock_18xx_43xx.o
                                                  out/libs/lpc_chip_43xx/src/sysinit_18xx_43xx.o
Chip_Clock_ClearPowerDown                         out/libs/lpc_chip_43xx/src/clock_18xx_43xx.o
Chip_Clock_Disable                                out/libs/lpc_chip_43xx/src/clock_18xx_43xx.o
                                                  out/libs/lpc_chip_43xx/src/ccan_18xx_43xx.o
                                                  out/libs/lpc_chip_43xx/src/dac_18xx_43xx.o
                                                  out/libs/lpc_chip_43xx/src/lcd_18xx_43xx.o
                                                  out/libs/lpc_chip_43xx/src/uart_18xx_43xx.o
                                                  out/libs/lpc_chip_43xx/src/sdif_18xx_43xx.o
                                                  out/libs/lpc_chip_43xx/src/i2cm_18xx_43xx.o
                                                  out/libs/lpc_chip_43xx/src/adc_18xx_43xx.o
                                                  out/libs/lpc_chip_43xx/src/timer_18xx_43xx.o
                                                  out/libs/lpc_chip_43xx/src/hsadc_18xx_43xx.o
                                                  out/libs/lpc_chip_43xx/src/sct_18xx_43xx.o
                                                  out/libs/lpc_chip_43xx/src/ritimer_18xx_43xx.o
                                                  out/libs/lpc_chip_43xx/src/spi_18xx_43xx.o
                                                  out/libs/lpc_chip_43xx/src/i2c_18xx_43xx.o
                                                  out/libs/lpc_chip_43xx/src/gpdma_18xx_43xx.o
                                                  out/libs/lpc_chip_43xx/src/enet_18xx_43xx.o
                                                  out/libs/lpc_chip_43xx/src/ssp_18xx_43xx.o
                                                  out/libs/lpc_chip_43xx/src/i2s_18xx_43xx.o
Chip_Clock_DisableBaseClock                       out/libs/lpc_chip_43xx/src/clock_18xx_43xx.o
Chip_Clock_DisableCrystal                         out/libs/lpc_chip_43xx/src/clock_18xx_43xx.o
Chip_Clock_DisablePLL                             out/libs/lpc_chip_43xx/src/clock_18xx_43xx.o
Chip_Clock_Enable                                 out/libs/lpc_chip_43xx/src/clock_18xx_43xx.o
                                                  out/libs/lpc_chip_43xx/src/i2cm_18xx_43xx.o
                                                  out/libs/lpc_chip_43xx/src/timer_18xx_43xx.o
                                                  out/libs/lpc_chip_43xx/src/hsadc_18xx_43xx.o
                                                  out/libs/lpc_chip_43xx/src/spi_18xx_43xx.o
                                                  out/libs/lpc_chip_43xx/src/i2c_18xx_43xx.o
                                                  out/libs/lpc_chip_43xx/src/ssp_18xx_43xx.o
                                                  out/libs/lpc_chip_43xx/src/i2s_18xx_43xx.o
Chip_Clock_EnableBaseClock                        out/libs/lpc_chip_43xx/src/clock_18xx_43xx.o
                                                  out/libs/lpc_chip_43xx/src/chip_18xx_43xx.o
Chip_Clock_EnableCrystal                          out/libs/lpc_chip_43xx/src/clock_18xx_43xx.o
                                                  out/libs/lpc_chip_43xx/src/sysinit_18xx_43xx.o
Chip_Clock_EnableOpts                             out/libs/lpc_chip_43xx/src/clock_18xx_43xx.o
                                                  out/libs/lpc_chip_43xx/src/ccan_18xx_43xx.o
                                                  out/libs/lpc_chip_43xx/src/dac_18xx_43xx.o
                                                  out/libs/lpc_chip_43xx/src/lcd_18xx_43xx.o
                                                  out/libs/lpc_chip_43xx/src/uart_18xx_43xx.o
                                                  out/libs/lpc_chip_43xx/src/chip_18xx_43xx.o
                                                  out/libs/lpc_chip_43xx/src/sdif_18xx_43xx.o
                                                  out/libs/lpc_chip_43xx/src/adc_18xx_43xx.o
                                                  out/libs/lpc_chip_43xx/src/hsadc_18xx_43xx.o
                                                  out/libs/lpc_chip_43xx/src/sct_18xx_43xx.o
                                                  out/libs/lpc_chip_43xx/src/ritimer_18xx_43xx.o
                                                  out/libs/lpc_chip_43xx/src/gpdma_18xx_43xx.o
                                                  out/libs/lpc_chip_43xx/src/enet_18xx_43xx.o
Chip_Clock_EnablePLL                              out/libs/lpc_chip_43xx/src/clock_18xx_43xx.o
                                                  out/libs/lpc_chip_43xx/src/chip_18xx_43xx.o
Chip_Clock_GetBaseClock                           out/libs/lpc_chip_43xx/src/clock_18xx_43xx.o
Chip_Clock_GetBaseClockOpts                       out/libs/lpc_chip_43xx/src/clock_18xx_43xx.o
Chip_Clock_GetBaseClocktHz                        out/libs/lpc_chip_43xx/src/clock_18xx_43xx.o
                                                  out/libs/lpc_chip_43xx/src/sdio_18xx_43xx.o
                                                  out/libs/lpc_chip_43xx/src/sdmmc_18xx_43xx.o
Chip_Clock_GetClockInputHz                        out/libs/lpc_chip_43xx/src/clock_18xx_43xx.o
                                                  out/libs/lpc_chip_43xx/src/chip_18xx_43xx.o
Chip_Clock_GetDividerDivisor                      out/libs/lpc_chip_43xx/src/clock_18xx_43xx.o
Chip_Clock_GetDividerSource                       out/libs/lpc_chip_43xx/src/clock_18xx_43xx.o
Chip_Clock_GetEMCRate                             out/libs/lpc_chip_43xx/src/clock_18xx_43xx.o
                                                  out/libs/lpc_chip_43xx/src/emc_18xx_43xx.o
Chip_Clock_GetMainPLLHz                           out/libs/lpc_chip_43xx/src/clock_18xx_43xx.o
Chip_Clock_GetPLLStatus                           out/libs/lpc_chip_43xx/src/clock_18xx_43xx.o
                                                  out/libs/lpc_chip_43xx/src/chip_18xx_43xx.o
Chip_Clock_GetRate                                out/libs/lpc_chip_43xx/src/clock_18xx_43xx.o
                                                  out/libs/lpc_chip_43xx/src/ccan_18xx_43xx.o
                                                  out/libs/lpc_chip_43xx/src/uart_18xx_43xx.o
                                                  out/libs/lpc_chip_43xx/src/stopwatch_18xx_43xx.o
                                                  out/libs/lpc_chip_43xx/src/chip_18xx_43xx.o
                                                  out/libs/lpc_chip_43xx/src/i2cm_18xx_43xx.o
                                                  out/libs/lpc_chip_43xx/src/adc_18xx_43xx.o
                                                  out/libs/lpc_chip_43xx/src/hsadc_18xx_43xx.o
                                                  out/libs/lpc_chip_43xx/src/eeprom_18xx_43xx.o
                                                  out/libs/lpc_chip_43xx/src/ritimer_18xx_43xx.o
                                                  out/libs/lpc_chip_43xx/src/spi_18xx_43xx.o
                                                  out/libs/lpc_chip_43xx/src/i2c_18xx_43xx.o
                                                  out/libs/lpc_chip_43xx/src/sct_pwm_18xx_43xx.o
                                                  out/libs/lpc_chip_43xx/src/ssp_18xx_43xx.o
                                                  out/libs/lpc_chip_43xx/src/i2s_18xx_43xx.o
Chip_Clock_IsBaseClockEnabled                     out/libs/lpc_chip_43xx/src/clock_18xx_43xx.o
Chip_Clock_RTCEnable                              out/libs/lpc_chip_43xx/src/clock_18xx_43xx.o
                                                  out/libs/lpc_chip_43xx/src/rtc_18xx_43xx.o
Chip_Clock_SetBaseClock                           out/libs/lpc_chip_43xx/src/clock_18xx_43xx.o
                                                  out/libs/lpc_board_ciaa_edu_4337/src/board_sysinit.o
                                                  out/libs/lpc_chip_43xx/src/chip_18xx_43xx.o
                                                  out/libs/lpc_chip_43xx/src/sysinit_18xx_43xx.o
Chip_Clock_SetDivider                             out/libs/lpc_chip_43xx/src/clock_18xx_43xx.o
                                                  out/libs/lpc_chip_43xx/src/chip_18xx_43xx.o
Chip_Clock_SetupMainPLLHz                         out/libs/lpc_chip_43xx/src/clock_18xx_43xx.o
Chip_Clock_SetupMainPLLMult                       out/libs/lpc_chip_43xx/src/clock_18xx_43xx.o
Chip_Clock_SetupPLL                               out/libs/lpc_chip_43xx/src/clock_18xx_43xx.o
                                                  out/libs/lpc_chip_43xx/src/chip_18xx_43xx.o
Chip_Clock_StartPowerDown                         out/libs/lpc_chip_43xx/src/clock_18xx_43xx.o
Chip_DAC_DeInit                                   out/libs/lpc_chip_43xx/src/dac_18xx_43xx.o
                                                  out/libs/sapi/src/sapi_dac.o
Chip_DAC_Init                                     out/libs/lpc_chip_43xx/src/dac_18xx_43xx.o
                                                  out/libs/sapi/src/sapi_dac.o
Chip_DAC_SetBias                                  out/libs/lpc_chip_43xx/src/dac_18xx_43xx.o
Chip_DAC_UpdateValue                              out/libs/lpc_chip_43xx/src/dac_18xx_43xx.o
                                                  out/libs/sapi/src/sapi_dac.o
Chip_EEPROM_EraseProgramPage                      out/libs/lpc_chip_43xx/src/eeprom_18xx_43xx.o
Chip_EEPROM_Init                                  out/libs/lpc_chip_43xx/src/eeprom_18xx_43xx.o
Chip_EEPROM_WaitForIntStatus                      out/libs/lpc_chip_43xx/src/eeprom_18xx_43xx.o
Chip_EMC_Dynamic_Enable                           out/libs/lpc_chip_43xx/src/emc_18xx_43xx.o
Chip_EMC_Dynamic_Init                             out/libs/lpc_chip_43xx/src/emc_18xx_43xx.o
Chip_EMC_Enable                                   out/libs/lpc_chip_43xx/src/emc_18xx_43xx.o
Chip_EMC_Init                                     out/libs/lpc_chip_43xx/src/emc_18xx_43xx.o
Chip_EMC_LowPowerMode                             out/libs/lpc_chip_43xx/src/emc_18xx_43xx.o
Chip_EMC_Mirror                                   out/libs/lpc_chip_43xx/src/emc_18xx_43xx.o
Chip_EMC_Static_Init                              out/libs/lpc_chip_43xx/src/emc_18xx_43xx.o
Chip_ENET_DeInit                                  out/libs/lpc_chip_43xx/src/enet_18xx_43xx.o
Chip_ENET_Init                                    out/libs/lpc_chip_43xx/src/enet_18xx_43xx.o
Chip_ENET_SetDuplex                               out/libs/lpc_chip_43xx/src/enet_18xx_43xx.o
Chip_ENET_SetSpeed                                out/libs/lpc_chip_43xx/src/enet_18xx_43xx.o
Chip_ENET_SetupMII                                out/libs/lpc_chip_43xx/src/enet_18xx_43xx.o
Chip_ENET_StartMIIRead                            out/libs/lpc_chip_43xx/src/enet_18xx_43xx.o
Chip_ENET_StartMIIWrite                           out/libs/lpc_chip_43xx/src/enet_18xx_43xx.o
Chip_EVRT_ConfigIntSrcActiveType                  out/libs/lpc_chip_43xx/src/evrt_18xx_43xx.o
Chip_EVRT_Init                                    out/libs/lpc_chip_43xx/src/evrt_18xx_43xx.o
Chip_EVRT_IsSourceInterrupting                    out/libs/lpc_chip_43xx/src/evrt_18xx_43xx.o
Chip_EVRT_SetUpIntSrc                             out/libs/lpc_chip_43xx/src/evrt_18xx_43xx.o
Chip_GPDMA_ChannelCmd                             out/libs/lpc_chip_43xx/src/gpdma_18xx_43xx.o
Chip_GPDMA_ClearIntPending                        out/libs/lpc_chip_43xx/src/gpdma_18xx_43xx.o
Chip_GPDMA_DeInit                                 out/libs/lpc_chip_43xx/src/gpdma_18xx_43xx.o
Chip_GPDMA_GetFreeChannel                         out/libs/lpc_chip_43xx/src/gpdma_18xx_43xx.o
Chip_GPDMA_Init                                   out/libs/lpc_chip_43xx/src/gpdma_18xx_43xx.o
Chip_GPDMA_InitChannelCfg                         out/libs/lpc_chip_43xx/src/gpdma_18xx_43xx.o
Chip_GPDMA_IntGetStatus                           out/libs/lpc_chip_43xx/src/gpdma_18xx_43xx.o
Chip_GPDMA_Interrupt                              out/libs/lpc_chip_43xx/src/gpdma_18xx_43xx.o
Chip_GPDMA_PrepareDescriptor                      out/libs/lpc_chip_43xx/src/gpdma_18xx_43xx.o
Chip_GPDMA_SGTransfer                             out/libs/lpc_chip_43xx/src/gpdma_18xx_43xx.o
Chip_GPDMA_Stop                                   out/libs/lpc_chip_43xx/src/gpdma_18xx_43xx.o
Chip_GPDMA_Transfer                               out/libs/lpc_chip_43xx/src/gpdma_18xx_43xx.o
Chip_GPIO_DeInit                                  out/libs/lpc_chip_43xx/src/gpio_18xx_43xx.o
Chip_GPIO_Init                                    out/libs/lpc_chip_43xx/src/gpio_18xx_43xx.o
                                                  out/libs/sapi/src/sapi_gpio.o
                                                  out/libs/lpc_board_ciaa_edu_4337/src/board.o
Chip_GPIO_SetDir                                  out/libs/lpc_chip_43xx/src/gpio_18xx_43xx.o
                                                  out/libs/sapi/src/sapi_gpio.o
Chip_GPIO_SetPinDIR                               out/libs/lpc_chip_43xx/src/gpio_18xx_43xx.o
Chip_GPIO_SetPortDIR                              out/libs/lpc_chip_43xx/src/gpio_18xx_43xx.o
Chip_GPIO_WriteDirBit                             out/libs/lpc_chip_43xx/src/gpio_18xx_43xx.o
Chip_HSADC_DeInit                                 out/libs/lpc_chip_43xx/src/hsadc_18xx_43xx.o
Chip_HSADC_Init                                   out/libs/lpc_chip_43xx/src/hsadc_18xx_43xx.o
Chip_HSADC_SetACDCBias                            out/libs/lpc_chip_43xx/src/hsadc_18xx_43xx.o
Chip_HSADC_SetPowerSpeed                          out/libs/lpc_chip_43xx/src/hsadc_18xx_43xx.o
Chip_HSADC_SetSpeed                               out/libs/lpc_chip_43xx/src/hsadc_18xx_43xx.o
Chip_HSADC_SetThrHighValue                        out/libs/lpc_chip_43xx/src/hsadc_18xx_43xx.o
Chip_HSADC_SetThrLowValue                         out/libs/lpc_chip_43xx/src/hsadc_18xx_43xx.o
Chip_HSADC_SetupFIFO                              out/libs/lpc_chip_43xx/src/hsadc_18xx_43xx.o
Chip_I2CM_DeInit                                  out/libs/lpc_chip_43xx/src/i2cm_18xx_43xx.o
Chip_I2CM_Init                                    out/libs/lpc_chip_43xx/src/i2cm_18xx_43xx.o
Chip_I2CM_Read                                    out/libs/lpc_chip_43xx/src/i2cm_18xx_43xx.o
Chip_I2CM_SetBusSpeed                             out/libs/lpc_chip_43xx/src/i2cm_18xx_43xx.o
Chip_I2CM_Write                                   out/libs/lpc_chip_43xx/src/i2cm_18xx_43xx.o
Chip_I2CM_Xfer                                    out/libs/lpc_chip_43xx/src/i2cm_18xx_43xx.o
Chip_I2CM_XferBlocking                            out/libs/lpc_chip_43xx/src/i2cm_18xx_43xx.o
                                                  out/libs/sapi/src/sapi_i2c.o
Chip_I2CM_XferHandler                             out/libs/lpc_chip_43xx/src/i2cm_18xx_43xx.o
Chip_I2C_DeInit                                   out/libs/lpc_chip_43xx/src/i2c_18xx_43xx.o
Chip_I2C_Disable                                  out/libs/lpc_chip_43xx/src/i2c_18xx_43xx.o
Chip_I2C_EventHandler                             out/libs/lpc_chip_43xx/src/i2c_18xx_43xx.o
Chip_I2C_EventHandlerPolling                      out/libs/lpc_chip_43xx/src/i2c_18xx_43xx.o
                                                  out/libs/sapi/src/sapi_i2c.o
Chip_I2C_GetClockRate                             out/libs/lpc_chip_43xx/src/i2c_18xx_43xx.o
Chip_I2C_GetMasterEventHandler                    out/libs/lpc_chip_43xx/src/i2c_18xx_43xx.o
Chip_I2C_Init                                     out/libs/lpc_chip_43xx/src/i2c_18xx_43xx.o
                                                  out/libs/sapi/src/sapi_i2c.o
Chip_I2C_IsMasterActive                           out/libs/lpc_chip_43xx/src/i2c_18xx_43xx.o
Chip_I2C_IsStateChanged                           out/libs/lpc_chip_43xx/src/i2c_18xx_43xx.o
Chip_I2C_MasterCmdRead                            out/libs/lpc_chip_43xx/src/i2c_18xx_43xx.o
Chip_I2C_MasterRead                               out/libs/lpc_chip_43xx/src/i2c_18xx_43xx.o
Chip_I2C_MasterSend                               out/libs/lpc_chip_43xx/src/i2c_18xx_43xx.o
Chip_I2C_MasterStateHandler                       out/libs/lpc_chip_43xx/src/i2c_18xx_43xx.o
Chip_I2C_MasterTransfer                           out/libs/lpc_chip_43xx/src/i2c_18xx_43xx.o
Chip_I2C_SetClockRate                             out/libs/lpc_chip_43xx/src/i2c_18xx_43xx.o
                                                  out/libs/sapi/src/sapi_i2c.o
Chip_I2C_SetMasterEventHandler                    out/libs/lpc_chip_43xx/src/i2c_18xx_43xx.o
                                                  out/libs/sapi/src/sapi_i2c.o
Chip_I2C_SlaveSetup                               out/libs/lpc_chip_43xx/src/i2c_18xx_43xx.o
Chip_I2C_SlaveStateHandler                        out/libs/lpc_chip_43xx/src/i2c_18xx_43xx.o
Chip_I2S_DMA_RxCmd                                out/libs/lpc_chip_43xx/src/i2s_18xx_43xx.o
Chip_I2S_DMA_TxCmd                                out/libs/lpc_chip_43xx/src/i2s_18xx_43xx.o
Chip_I2S_DeInit                                   out/libs/lpc_chip_43xx/src/i2s_18xx_43xx.o
Chip_I2S_Init                                     out/libs/lpc_chip_43xx/src/i2s_18xx_43xx.o
Chip_I2S_Int_RxCmd                                out/libs/lpc_chip_43xx/src/i2s_18xx_43xx.o
Chip_I2S_Int_TxCmd                                out/libs/lpc_chip_43xx/src/i2s_18xx_43xx.o
Chip_I2S_RxConfig                                 out/libs/lpc_chip_43xx/src/i2s_18xx_43xx.o
Chip_I2S_TxConfig                                 out/libs/lpc_chip_43xx/src/i2s_18xx_43xx.o
Chip_IAP_BlankCheckSector                         out/libs/lpc_chip_43xx/src/iap_18xx_43xx.o
Chip_IAP_Compare                                  out/libs/lpc_chip_43xx/src/iap_18xx_43xx.o
Chip_IAP_CopyRamToFlash                           out/libs/lpc_chip_43xx/src/iap_18xx_43xx.o
Chip_IAP_ErasePage                                out/libs/lpc_chip_43xx/src/iap_18xx_43xx.o
Chip_IAP_EraseSector                              out/libs/lpc_chip_43xx/src/iap_18xx_43xx.o
Chip_IAP_PreSectorForReadWrite                    out/libs/lpc_chip_43xx/src/iap_18xx_43xx.o
Chip_IAP_ReadBootCode                             out/libs/lpc_chip_43xx/src/iap_18xx_43xx.o
Chip_IAP_ReadPID                                  out/libs/lpc_chip_43xx/src/iap_18xx_43xx.o
Chip_IAP_ReadUID                                  out/libs/lpc_chip_43xx/src/iap_18xx_43xx.o
Chip_IAP_ReinvokeISP                              out/libs/lpc_chip_43xx/src/iap_18xx_43xx.o
Chip_IAP_SetBootFlashBank                         out/libs/lpc_chip_43xx/src/iap_18xx_43xx.o
Chip_LCD_Cursor_Config                            out/libs/lpc_chip_43xx/src/lcd_18xx_43xx.o
Chip_LCD_Cursor_WriteImage                        out/libs/lpc_chip_43xx/src/lcd_18xx_43xx.o
Chip_LCD_DeInit                                   out/libs/lpc_chip_43xx/src/lcd_18xx_43xx.o
Chip_LCD_Init                                     out/libs/lpc_chip_43xx/src/lcd_18xx_43xx.o
Chip_LCD_LoadPalette                              out/libs/lpc_chip_43xx/src/lcd_18xx_43xx.o
Chip_OTP_GenRand                                  out/libs/lpc_chip_43xx/src/otp_18xx_43xx.o
Chip_OTP_Init                                     out/libs/lpc_chip_43xx/src/otp_18xx_43xx.o
Chip_OTP_ProgBootSrc                              out/libs/lpc_chip_43xx/src/otp_18xx_43xx.o
Chip_OTP_ProgGPWord                               out/libs/lpc_chip_43xx/src/otp_18xx_43xx.o
Chip_OTP_ProgJTAGDis                              out/libs/lpc_chip_43xx/src/otp_18xx_43xx.o
Chip_OTP_ProgKey                                  out/libs/lpc_chip_43xx/src/otp_18xx_43xx.o
Chip_OTP_ProgUSBID                                out/libs/lpc_chip_43xx/src/otp_18xx_43xx.o
Chip_PMC_Set_PwrState                             out/libs/lpc_chip_43xx/src/pmc_18xx_43xx.o
Chip_PMC_Sleep                                    out/libs/lpc_chip_43xx/src/pmc_18xx_43xx.o
Chip_RIT_DeInit                                   out/libs/lpc_chip_43xx/src/ritimer_18xx_43xx.o
Chip_RIT_GetIntStatus                             out/libs/lpc_chip_43xx/src/ritimer_18xx_43xx.o
Chip_RIT_Init                                     out/libs/lpc_chip_43xx/src/ritimer_18xx_43xx.o
Chip_RIT_SetTimerInterval                         out/libs/lpc_chip_43xx/src/ritimer_18xx_43xx.o
Chip_RTC_AlarmIntConfig                           out/libs/lpc_chip_43xx/src/rtc_18xx_43xx.o
Chip_RTC_CalibCounterCmd                          out/libs/lpc_chip_43xx/src/rtc_18xx_43xx.o
Chip_RTC_CntIncrIntConfig                         out/libs/lpc_chip_43xx/src/rtc_18xx_43xx.o
Chip_RTC_DeInit                                   out/libs/lpc_chip_43xx/src/rtc_18xx_43xx.o
Chip_RTC_EV_GetFirstTimeStamp                     out/libs/lpc_chip_43xx/src/rtc_18xx_43xx.o
Chip_RTC_EV_GetLastTimeStamp                      out/libs/lpc_chip_43xx/src/rtc_18xx_43xx.o
Chip_RTC_Enable                                   out/libs/lpc_chip_43xx/src/rtc_18xx_43xx.o
                                                  out/libs/fatfs_ssp/src/rtc.o
                                                  out/libs/sapi/src/sapi_rtc.o
Chip_RTC_GetFullAlarmTime                         out/libs/lpc_chip_43xx/src/rtc_18xx_43xx.o
Chip_RTC_GetFullTime                              out/libs/lpc_chip_43xx/src/rtc_18xx_43xx.o
                                                  out/libs/fatfs_ssp/src/rtc.o
                                                  out/libs/sapi/src/sapi_rtc.o
Chip_RTC_Init                                     out/libs/lpc_chip_43xx/src/rtc_18xx_43xx.o
                                                  out/libs/fatfs_ssp/src/rtc.o
                                                  out/libs/sapi/src/sapi_rtc.o
Chip_RTC_ResetClockTickCounter                    out/libs/lpc_chip_43xx/src/rtc_18xx_43xx.o
Chip_RTC_SetFullAlarmTime                         out/libs/lpc_chip_43xx/src/rtc_18xx_43xx.o
                                                  out/libs/fatfs_ssp/src/rtc.o
Chip_RTC_SetFullTime                              out/libs/lpc_chip_43xx/src/rtc_18xx_43xx.o
                                                  out/libs/sapi/src/sapi_rtc.o
Chip_SCTPWM_SetOutPin                             out/libs/lpc_chip_43xx/src/sct_pwm_18xx_43xx.o
                                                  out/libs/sapi/src/sapi_sct.o
Chip_SCTPWM_SetRate                               out/libs/lpc_chip_43xx/src/sct_pwm_18xx_43xx.o
                                                  out/libs/sapi/src/sapi_sct.o
Chip_SCT_DeInit                                   out/libs/lpc_chip_43xx/src/sct_18xx_43xx.o
Chip_SCT_Init                                     out/libs/lpc_chip_43xx/src/sct_18xx_43xx.o
                                                  out/libs/sapi/src/sapi_sct.o
Chip_SCT_SetClrControl                            out/libs/lpc_chip_43xx/src/sct_18xx_43xx.o
Chip_SCT_SetConflictResolution                    out/libs/lpc_chip_43xx/src/sct_18xx_43xx.o
Chip_SDIF_DeInit                                  out/libs/lpc_chip_43xx/src/sdif_18xx_43xx.o
Chip_SDIF_DmaSetup                                out/libs/lpc_chip_43xx/src/sdif_18xx_43xx.o
                                                  out/libs/lpc_chip_43xx/src/sdio_18xx_43xx.o
                                                  out/libs/lpc_chip_43xx/src/sdmmc_18xx_43xx.o
Chip_SDIF_GetResponse                             out/libs/lpc_chip_43xx/src/sdif_18xx_43xx.o
                                                  out/libs/lpc_chip_43xx/src/sdio_18xx_43xx.o
                                                  out/libs/lpc_chip_43xx/src/sdmmc_18xx_43xx.o
Chip_SDIF_Init                                    out/libs/lpc_chip_43xx/src/sdif_18xx_43xx.o
Chip_SDIF_SendCmd                                 out/libs/lpc_chip_43xx/src/sdif_18xx_43xx.o
                                                  out/libs/lpc_chip_43xx/src/sdio_18xx_43xx.o
                                                  out/libs/lpc_chip_43xx/src/sdmmc_18xx_43xx.o
Chip_SDIF_SetClearIntFifo                         out/libs/lpc_chip_43xx/src/sdif_18xx_43xx.o
                                                  out/libs/lpc_chip_43xx/src/sdmmc_18xx_43xx.o
Chip_SDIF_SetClock                                out/libs/lpc_chip_43xx/src/sdif_18xx_43xx.o
                                                  out/libs/lpc_chip_43xx/src/sdio_18xx_43xx.o
                                                  out/libs/lpc_chip_43xx/src/sdmmc_18xx_43xx.o
Chip_SDMMC_Acquire                                out/libs/lpc_chip_43xx/src/sdmmc_18xx_43xx.o
Chip_SDMMC_GetDeviceBlocks                        out/libs/lpc_chip_43xx/src/sdmmc_18xx_43xx.o
Chip_SDMMC_GetDeviceSize                          out/libs/lpc_chip_43xx/src/sdmmc_18xx_43xx.o
Chip_SDMMC_GetState                               out/libs/lpc_chip_43xx/src/sdmmc_18xx_43xx.o
Chip_SDMMC_ReadBlocks                             out/libs/lpc_chip_43xx/src/sdmmc_18xx_43xx.o
Chip_SDMMC_WriteBlocks                            out/libs/lpc_chip_43xx/src/sdmmc_18xx_43xx.o
Chip_SPI_DeInit                                   out/libs/lpc_chip_43xx/src/spi_18xx_43xx.o
Chip_SPI_Init                                     out/libs/lpc_chip_43xx/src/spi_18xx_43xx.o
Chip_SPI_Int_FlushData                            out/libs/lpc_chip_43xx/src/spi_18xx_43xx.o
Chip_SPI_Int_RWFrames                             out/libs/lpc_chip_43xx/src/spi_18xx_43xx.o
Chip_SPI_Int_RWFrames16Bits                       out/libs/lpc_chip_43xx/src/spi_18xx_43xx.o
Chip_SPI_Int_RWFrames8Bits                        out/libs/lpc_chip_43xx/src/spi_18xx_43xx.o
Chip_SPI_RWFrames_Blocking                        out/libs/lpc_chip_43xx/src/spi_18xx_43xx.o
Chip_SPI_SetBitRate                               out/libs/lpc_chip_43xx/src/spi_18xx_43xx.o
Chip_SSP_DeInit                                   out/libs/lpc_chip_43xx/src/ssp_18xx_43xx.o
Chip_SSP_Init                                     out/libs/lpc_chip_43xx/src/ssp_18xx_43xx.o
Chip_SSP_Int_FlushData                            out/libs/lpc_chip_43xx/src/ssp_18xx_43xx.o
Chip_SSP_Int_RWFrames16Bits                       out/libs/lpc_chip_43xx/src/ssp_18xx_43xx.o
Chip_SSP_Int_RWFrames8Bits                        out/libs/lpc_chip_43xx/src/ssp_18xx_43xx.o
Chip_SSP_RWFrames_Blocking                        out/libs/lpc_chip_43xx/src/ssp_18xx_43xx.o
                                                  out/libs/fatfs_ssp/src/mmc.o